Archive member included to satisfy reference by file (symbol)

/usr/lib/gcc/arm-none-eabi/13.2.1/thumb/v6-m/nofp/libgcc.a(_dvmd_tls.o)
                              CMakeFiles/hello_asm.dir/home/ale/pico-sdk/src/rp2_common/pico_divider/divider_hardware.S.o (__aeabi_idiv0)
/usr/lib/gcc/arm-none-eabi/13.2.1/../../../arm-none-eabi/lib/thumb/v6-m/nofp/libg.a(libc_a-calloc.o)
                              CMakeFiles/hello_asm.dir/home/ale/pico-sdk/src/rp2_common/pico_malloc/malloc.c.o (calloc)
/usr/lib/gcc/arm-none-eabi/13.2.1/../../../arm-none-eabi/lib/thumb/v6-m/nofp/libg.a(libc_a-impure.o)
                              /usr/lib/gcc/arm-none-eabi/13.2.1/../../../arm-none-eabi/lib/thumb/v6-m/nofp/libg.a(libc_a-calloc.o) (_impure_ptr)
/usr/lib/gcc/arm-none-eabi/13.2.1/../../../arm-none-eabi/lib/thumb/v6-m/nofp/libg.a(libc_a-callocr.o)
                              /usr/lib/gcc/arm-none-eabi/13.2.1/../../../arm-none-eabi/lib/thumb/v6-m/nofp/libg.a(libc_a-calloc.o) (_calloc_r)
/usr/lib/gcc/arm-none-eabi/13.2.1/../../../arm-none-eabi/lib/thumb/v6-m/nofp/libg.a(libc_a-realloc.o)
                              CMakeFiles/hello_asm.dir/home/ale/pico-sdk/src/rp2_common/pico_malloc/malloc.c.o (realloc)
/usr/lib/gcc/arm-none-eabi/13.2.1/../../../arm-none-eabi/lib/thumb/v6-m/nofp/libg.a(libc_a-mallocr.o)
                              /usr/lib/gcc/arm-none-eabi/13.2.1/../../../arm-none-eabi/lib/thumb/v6-m/nofp/libg.a(libc_a-callocr.o) (_malloc_r)
/usr/lib/gcc/arm-none-eabi/13.2.1/../../../arm-none-eabi/lib/thumb/v6-m/nofp/libg.a(libc_a-freer.o)
                              /usr/lib/gcc/arm-none-eabi/13.2.1/../../../arm-none-eabi/lib/thumb/v6-m/nofp/libg.a(libc_a-mallocr.o) (_free_r)
/usr/lib/gcc/arm-none-eabi/13.2.1/../../../arm-none-eabi/lib/thumb/v6-m/nofp/libg.a(libc_a-memcmp.o)
                              CMakeFiles/hello_asm.dir/home/ale/pico-sdk/src/rp2_common/pico_atomic/atomic.c.o (memcmp)
/usr/lib/gcc/arm-none-eabi/13.2.1/../../../arm-none-eabi/lib/thumb/v6-m/nofp/libg.a(libc_a-malloc.o)
                              CMakeFiles/hello_asm.dir/home/ale/pico-sdk/src/rp2_common/pico_malloc/malloc.c.o (malloc)
/usr/lib/gcc/arm-none-eabi/13.2.1/../../../arm-none-eabi/lib/thumb/v6-m/nofp/libg.a(libc_a-sysconf.o)
                              /usr/lib/gcc/arm-none-eabi/13.2.1/../../../arm-none-eabi/lib/thumb/v6-m/nofp/libg.a(libc_a-mallocr.o) (sysconf)
/usr/lib/gcc/arm-none-eabi/13.2.1/../../../arm-none-eabi/lib/thumb/v6-m/nofp/libg.a(libc_a-init.o)
                              /usr/lib/gcc/arm-none-eabi/13.2.1/../../../arm-none-eabi/lib/thumb/v6-m/nofp/crt0.o (__libc_init_array)
/usr/lib/gcc/arm-none-eabi/13.2.1/../../../arm-none-eabi/lib/thumb/v6-m/nofp/libg.a(libc_a-reallocr.o)
                              /usr/lib/gcc/arm-none-eabi/13.2.1/../../../arm-none-eabi/lib/thumb/v6-m/nofp/libg.a(libc_a-realloc.o) (_realloc_r)
/usr/lib/gcc/arm-none-eabi/13.2.1/../../../arm-none-eabi/lib/thumb/v6-m/nofp/libg.a(libc_a-mktime.o)
                              CMakeFiles/hello_asm.dir/home/ale/pico-sdk/src/common/pico_util/datetime.c.o (mktime)
/usr/lib/gcc/arm-none-eabi/13.2.1/../../../arm-none-eabi/lib/thumb/v6-m/nofp/libg.a(libc_a-mlock.o)
                              /usr/lib/gcc/arm-none-eabi/13.2.1/../../../arm-none-eabi/lib/thumb/v6-m/nofp/libg.a(libc_a-mallocr.o) (__malloc_lock)
/usr/lib/gcc/arm-none-eabi/13.2.1/../../../arm-none-eabi/lib/thumb/v6-m/nofp/libg.a(libc_a-findfp.o)
                              /usr/lib/gcc/arm-none-eabi/13.2.1/../../../arm-none-eabi/lib/thumb/v6-m/nofp/libg.a(libc_a-impure.o) (__sf)
/usr/lib/gcc/arm-none-eabi/13.2.1/../../../arm-none-eabi/lib/thumb/v6-m/nofp/libg.a(libc_a-tzlock.o)
                              /usr/lib/gcc/arm-none-eabi/13.2.1/../../../arm-none-eabi/lib/thumb/v6-m/nofp/libg.a(libc_a-mktime.o) (__tz_lock)
/usr/lib/gcc/arm-none-eabi/13.2.1/../../../arm-none-eabi/lib/thumb/v6-m/nofp/libg.a(libc_a-atexit.o)
                              /usr/lib/gcc/arm-none-eabi/13.2.1/../../../arm-none-eabi/lib/thumb/v6-m/nofp/crt0.o (atexit)
/usr/lib/gcc/arm-none-eabi/13.2.1/../../../arm-none-eabi/lib/thumb/v6-m/nofp/libg.a(libc_a-lcltime_r.o)
                              CMakeFiles/hello_asm.dir/home/ale/pico-sdk/src/common/pico_util/datetime.c.o (localtime_r)
/usr/lib/gcc/arm-none-eabi/13.2.1/../../../arm-none-eabi/lib/thumb/v6-m/nofp/libg.a(libc_a-strlen-stub.o)
                              CMakeFiles/hello_asm.dir/home/ale/pico-sdk/src/rp2_common/pico_stdio/stdio.c.o (strlen)
/usr/lib/gcc/arm-none-eabi/13.2.1/../../../arm-none-eabi/lib/thumb/v6-m/nofp/libg.a(libc_a-sbrkr.o)
                              /usr/lib/gcc/arm-none-eabi/13.2.1/../../../arm-none-eabi/lib/thumb/v6-m/nofp/libg.a(libc_a-mallocr.o) (_sbrk_r)
/usr/lib/gcc/arm-none-eabi/13.2.1/../../../arm-none-eabi/lib/thumb/v6-m/nofp/libg.a(libc_a-fini.o)
                              /usr/lib/gcc/arm-none-eabi/13.2.1/../../../arm-none-eabi/lib/thumb/v6-m/nofp/crt0.o (__libc_fini_array)
[...]
Memory Configuration

Name             Origin             Length             Attributes
FLASH            0x10000000         0x00200000         xr
RAM              0x20000000         0x00040000         xrw
SCRATCH_X        0x20040000         0x00001000         xrw
SCRATCH_Y        0x20041000         0x00001000         xrw
*default*        0x00000000         0xffffffff

Linker script and memory map

LOAD /usr/lib/gcc/arm-none-eabi/13.2.1/thumb/v6-m/nofp/crti.o
LOAD /usr/lib/gcc/arm-none-eabi/13.2.1/thumb/v6-m/nofp/crtbegin.o
LOAD /usr/lib/gcc/arm-none-eabi/13.2.1/../../../arm-none-eabi/lib/thumb/v6-m/nofp/crt0.o

.flash_begin    0x10000000        0x0
                0x10000000                        __flash_binary_start = .

.boot2          0x10000000      0x100
                0x10000000                        __boot2_start__ = .
 *(.boot2)
 .boot2         0x10000000      0x100 pico-sdk/src/rp2040/boot_stage2/CMakeFiles/bs2_default_library.dir/bs2_default_padded_checksummed.S.o
                0x10000100                        __boot2_end__ = .
                0x00000001                        ASSERT (((__boot2_end__ - __boot2_start__) == 0x100), ERROR: Pico second stage bootloader must be 256 bytes in size)

.text           0x10000100     0x34c4
                0x10000100                        __logical_binary_start = .
 *(.vectors)
 .vectors       0x10000100       0xd4 CMakeFiles/hello_asm.dir/home/ale/pico-sdk/src/rp2_common/pico_crt0/crt0.S.o
                0x10000100                __vectors
                0x10000100                __VECTOR_TABLE
                0x100001c0                isr_irq30
                0x100001c0                __unhandled_user_irq
                0x100001c0                isr_irq13
                0x100001c0                isr_irq27
                0x100001c0                isr_irq31
                0x100001c0                isr_irq5
                0x100001c0                isr_irq11
                0x100001c0                isr_irq23
                0x100001c0                isr_irq18
                0x100001c0                isr_irq28
                0x100001c0                isr_irq19
                0x100001c0                isr_irq0
                0x100001c0                isr_irq6
                0x100001c0                isr_irq22
                0x100001c0                isr_irq17
                0x100001c0                isr_irq14
                0x100001c0                __vectors_end
                0x100001c0                __default_isrs_start
                0x100001c0                isr_irq2
                0x100001c0                isr_irq10
                0x100001c0                isr_irq8
                0x100001c0                isr_irq24
                0x100001c0                isr_irq1
                0x100001c0                isr_irq7
                0x100001c0                isr_irq21
                0x100001c0                isr_irq20
                0x100001c0                isr_irq15
                0x100001c0                isr_irq25
                0x100001c0                isr_irq4
                0x100001c0                isr_irq16
                0x100001c0                isr_irq29
                0x100001c0                isr_irq26
                0x100001c0                isr_irq3
                0x100001c0                isr_irq12
                0x100001c0                isr_irq9
                0x100001c6                unhandled_user_irq_num_in_r0
                0x100001c8                isr_invalid
                0x100001ca                isr_nmi
                0x100001cc                isr_hardfault
                0x100001ce                isr_svcall
                0x100001d0                isr_pendsv
                0x100001d2                isr_systick
                0x100001d4                __default_isrs_end
 *(.binary_info_header)
 .binary_info_header
                0x100001d4       0x14 CMakeFiles/hello_asm.dir/home/ale/pico-sdk/src/rp2_common/pico_crt0/crt0.S.o
                0x100001e8                        __binary_info_header_end = .
 *(.embedded_block)
                0x100001e8                        __embedded_block_end = .
 *(.reset)
 .reset         0x100001e8       0x9c CMakeFiles/hello_asm.dir/home/ale/pico-sdk/src/rp2_common/pico_crt0/crt0.S.o
                0x100001e8                _entry_point
 *(.init)
 .init          0x10000284        0x4 /usr/lib/gcc/arm-none-eabi/13.2.1/thumb/v6-m/nofp/crti.o
                0x10000284                _init
 *(EXCLUDE_FILE(*libm.a: *libc.a:*lib_a-mem*.o *libgcc.a:) .text*)
 .text          0x10000288       0x98 /usr/lib/gcc/arm-none-eabi/13.2.1/thumb/v6-m/nofp/crtbegin.o
 .text          0x10000320       0x10 CMakeFiles/hello_asm.dir/main.S.o
                0x10000320                main
 .text.panic    0x10000330       0x30 CMakeFiles/hello_asm.dir/home/ale/pico-sdk/src/rp2_common/pico_platform_panic/panic.c.o
                0x10000330                panic
 .text.hw_claim_lock
                0x10000360       0x18 CMakeFiles/hello_asm.dir/home/ale/pico-sdk/src/common/hardware_claim/claim.c.o
                0x10000360                hw_claim_lock
 .text.hw_claim_unlock
                0x10000378       0x14 CMakeFiles/hello_asm.dir/home/ale/pico-sdk/src/common/hardware_claim/claim.c.o
                0x10000378                hw_claim_unlock
 .text.hw_claim_or_assert
                0x1000038c       0x32 CMakeFiles/hello_asm.dir/home/ale/pico-sdk/src/common/hardware_claim/claim.c.o
                0x1000038c                hw_claim_or_assert
 *fill*         0x100003be        0x2 
 .text.next_striped_spin_lock_num
                0x100003c0       0x1c CMakeFiles/hello_asm.dir/home/ale/pico-sdk/src/rp2_common/hardware_sync/sync.c.o
                0x100003c0                next_striped_spin_lock_num
 .text.spin_locks_reset
                0x100003dc       0x20 CMakeFiles/hello_asm.dir/home/ale/pico-sdk/src/rp2_common/hardware_sync_spin_lock/sync_spin_lock.c.o
                0x100003dc                spin_locks_reset
 .text.set_raw_irq_handler_and_unlock
                0x100003fc       0x28 CMakeFiles/hello_asm.dir/home/ale/pico-sdk/src/rp2_common/hardware_irq/irq.c.o
 .text.nvic_ipr0
                0x10000424        0x8 CMakeFiles/hello_asm.dir/home/ale/pico-sdk/src/rp2_common/hardware_irq/irq.c.o
 .text.runtime_init_per_core_irq_priorities
                0x1000042c       0x1c CMakeFiles/hello_asm.dir/home/ale/pico-sdk/src/rp2_common/hardware_irq/irq.c.o
                0x1000042c                runtime_init_per_core_irq_priorities
 .text.irq_set_mask_n_enabled
                0x10000448       0x1c CMakeFiles/hello_asm.dir/home/ale/pico-sdk/src/rp2_common/hardware_irq/irq.c.o
                0x10000448                irq_set_mask_n_enabled
 .text.irq_set_enabled
                0x10000464       0x14 CMakeFiles/hello_asm.dir/home/ale/pico-sdk/src/rp2_common/hardware_irq/irq.c.o
                0x10000464                irq_set_enabled
 .text.irq_get_vtable_handler
                0x10000478       0x10 CMakeFiles/hello_asm.dir/home/ale/pico-sdk/src/rp2_common/hardware_irq/irq.c.o
                0x10000478                irq_get_vtable_handler
 .text.irq_set_exclusive_handler
                0x10000488       0x54 CMakeFiles/hello_asm.dir/home/ale/pico-sdk/src/rp2_common/hardware_irq/irq.c.o
                0x10000488                irq_set_exclusive_handler
 .text.lock_init
                0x100004dc       0x10 CMakeFiles/hello_asm.dir/home/ale/pico-sdk/src/common/pico_sync/lock_core.c.o
                0x100004dc                lock_init
 .text.mutex_init
                0x100004ec       0x1a CMakeFiles/hello_asm.dir/home/ale/pico-sdk/src/common/pico_sync/mutex.c.o
                0x100004ec                mutex_init
 .text.recursive_mutex_init
                0x10000506       0x1e CMakeFiles/hello_asm.dir/home/ale/pico-sdk/src/common/pico_sync/mutex.c.o
                0x10000506                recursive_mutex_init
 .text.runtime_init_mutex
                0x10000524       0x4c CMakeFiles/hello_asm.dir/home/ale/pico-sdk/src/common/pico_sync/mutex.c.o
                0x10000524                runtime_init_mutex
 .text.ta_set_timeout
                0x10000570       0x24 CMakeFiles/hello_asm.dir/home/ale/pico-sdk/src/common/pico_time/time.c.o
 .text.make_alarm_id
                0x10000594        0x6 CMakeFiles/hello_asm.dir/home/ale/pico-sdk/src/common/pico_time/time.c.o
 *fill*         0x1000059a        0x2 
 .text.sleep_until_callback
                0x1000059c       0x30 CMakeFiles/hello_asm.dir/home/ale/pico-sdk/src/common/pico_time/time.c.o
 .text.alarm_pool_irq_handler
                0x100005cc      0x2e8 CMakeFiles/hello_asm.dir/home/ale/pico-sdk/src/common/pico_time/time.c.o
 .text.ta_enable_irq_handler
                0x100008b4       0x2c CMakeFiles/hello_asm.dir/home/ale/pico-sdk/src/common/pico_time/time.c.o
 .text.alarm_pool_post_alloc_init
                0x100008e0       0x78 CMakeFiles/hello_asm.dir/home/ale/pico-sdk/src/common/pico_time/time.c.o
 .text.alarm_pool_get_default
                0x10000958       0x2c CMakeFiles/hello_asm.dir/home/ale/pico-sdk/src/common/pico_time/time.c.o
                0x10000958                alarm_pool_get_default
 .text.alarm_pool_add_alarm_at_force_in_context
                0x10000984       0xa4 CMakeFiles/hello_asm.dir/home/ale/pico-sdk/src/common/pico_time/time.c.o
                0x10000984                alarm_pool_add_alarm_at_force_in_context
 .text.alarm_pool_add_alarm_at
                0x10000a28       0x3c CMakeFiles/hello_asm.dir/home/ale/pico-sdk/src/common/pico_time/time.c.o
                0x10000a28                alarm_pool_add_alarm_at
 .text.add_alarm_at
                0x10000a64       0x2e CMakeFiles/hello_asm.dir/home/ale/pico-sdk/src/common/pico_time/time.c.o
 *fill*         0x10000a92        0x2 
 .text.alarm_pool_cancel_alarm
                0x10000a94       0x78 CMakeFiles/hello_asm.dir/home/ale/pico-sdk/src/common/pico_time/time.c.o
                0x10000a94                alarm_pool_cancel_alarm
 .text.cancel_alarm
                0x10000b0c       0x10 CMakeFiles/hello_asm.dir/home/ale/pico-sdk/src/common/pico_time/time.c.o
 .text.best_effort_wfe_or_timeout
                0x10000b1c      0x12c CMakeFiles/hello_asm.dir/home/ale/pico-sdk/src/common/pico_time/time.c.o
                0x10000b1c                best_effort_wfe_or_timeout
 .text.alarm_pool_get_default_timer
                0x10000c48        0x8 CMakeFiles/hello_asm.dir/home/ale/pico-sdk/src/common/pico_time/time.c.o
                0x10000c48                alarm_pool_get_default_timer
 .text.runtime_init_default_alarm_pool
                0x10000c50       0x38 CMakeFiles/hello_asm.dir/home/ale/pico-sdk/src/common/pico_time/time.c.o
                0x10000c50                runtime_init_default_alarm_pool
 .text.timer_hardware_alarm_claim
                0x10000c88       0x14 CMakeFiles/hello_asm.dir/home/ale/pico-sdk/src/rp2_common/hardware_timer/timer.c.o
                0x10000c88                timer_hardware_alarm_claim
 .text.timer_time_us_64
                0x10000c9c       0x10 CMakeFiles/hello_asm.dir/home/ale/pico-sdk/src/rp2_common/hardware_timer/timer.c.o
                0x10000c9c                timer_time_us_64
 .text.time_us_64
                0x10000cac       0x10 CMakeFiles/hello_asm.dir/home/ale/pico-sdk/src/rp2_common/hardware_timer/timer.c.o
                0x10000cac                time_us_64
 .text.clock_configure_internal
                0x10000cbc       0xc4 CMakeFiles/hello_asm.dir/home/ale/pico-sdk/src/rp2_common/hardware_clocks/clocks.c.o
 .text.clock_configure_int_divider
                0x10000d80       0x28 CMakeFiles/hello_asm.dir/home/ale/pico-sdk/src/rp2_common/hardware_clocks/clocks.c.o
                0x10000d80                clock_configure_int_divider
 .text.clock_configure_undivided
                0x10000da8       0x12 CMakeFiles/hello_asm.dir/home/ale/pico-sdk/src/rp2_common/hardware_clocks/clocks.c.o
                0x10000da8                clock_configure_undivided
 *fill*         0x10000dba        0x2 
 .text.clock_get_hz
                0x10000dbc        0xc CMakeFiles/hello_asm.dir/home/ale/pico-sdk/src/rp2_common/hardware_clocks/clocks.c.o
                0x10000dbc                clock_get_hz
 .text.pll_init
                0x10000dc8      0x124 CMakeFiles/hello_asm.dir/home/ale/pico-sdk/src/rp2_common/hardware_pll/pll.c.o
                0x10000dc8                pll_init
 .text.tick_start
                0x10000eec       0x10 CMakeFiles/hello_asm.dir/home/ale/pico-sdk/src/rp2_common/hardware_ticks/ticks.c.o
                0x10000eec                tick_start
 .text.rom_func_lookup
                0x10000efc       0x10 CMakeFiles/hello_asm.dir/home/ale/pico-sdk/src/rp2_common/pico_bootrom/bootrom.c.o
                0x10000efc                rom_func_lookup
 .text.rom_data_lookup
                0x10000f0c       0x10 CMakeFiles/hello_asm.dir/home/ale/pico-sdk/src/rp2_common/pico_bootrom/bootrom.c.o
                0x10000f0c                rom_data_lookup
 .text.rom_funcs_lookup
                0x10000f1c       0x36 CMakeFiles/hello_asm.dir/home/ale/pico-sdk/src/rp2_common/pico_bootrom/bootrom.c.o
                0x10000f1c                rom_funcs_lookup
 *fill*         0x10000f52        0x2 
 .text.xosc_init
                0x10000f54       0x2c CMakeFiles/hello_asm.dir/home/ale/pico-sdk/src/rp2_common/hardware_xosc/xosc.c.o
                0x10000f54                xosc_init
 .text.runtime_run_initializers_from
                0x10000f80       0x18 CMakeFiles/hello_asm.dir/home/ale/pico-sdk/src/rp2_common/pico_runtime/runtime.c.o
 .text.first_per_core_initializer
                0x10000f98        0x2 CMakeFiles/hello_asm.dir/home/ale/pico-sdk/src/rp2_common/pico_runtime/runtime.c.o
 *fill*         0x10000f9a        0x2 
 .text.runtime_run_initializers
                0x10000f9c       0x10 CMakeFiles/hello_asm.dir/home/ale/pico-sdk/src/rp2_common/pico_runtime/runtime.c.o
                0x10000f9c                runtime_run_initializers
 .text.runtime_init_early_resets
                0x10000fac       0x2c CMakeFiles/hello_asm.dir/home/ale/pico-sdk/src/rp2_common/pico_runtime_init/runtime_init.c.o
                0x10000fac                runtime_init_early_resets
 .text.runtime_init_usb_power_down
                0x10000fd8       0x1c CMakeFiles/hello_asm.dir/home/ale/pico-sdk/src/rp2_common/pico_runtime_init/runtime_init.c.o
                0x10000fd8                runtime_init_usb_power_down
 .text.runtime_init_post_clock_resets
                0x10000ff4       0x20 CMakeFiles/hello_asm.dir/home/ale/pico-sdk/src/rp2_common/pico_runtime_init/runtime_init.c.o
                0x10000ff4                runtime_init_post_clock_resets
 .text.runtime_init_rp2040_gpio_ie_disable
                0x10001014       0x14 CMakeFiles/hello_asm.dir/home/ale/pico-sdk/src/rp2_common/pico_runtime_init/runtime_init.c.o
                0x10001014                runtime_init_rp2040_gpio_ie_disable
 .text.runtime_init_spin_locks_reset
                0x10001028        0x8 CMakeFiles/hello_asm.dir/home/ale/pico-sdk/src/rp2_common/pico_runtime_init/runtime_init.c.o
                0x10001028                runtime_init_spin_locks_reset
 .text.runtime_init_install_ram_vector_table
                0x10001030       0x48 CMakeFiles/hello_asm.dir/home/ale/pico-sdk/src/rp2_common/pico_runtime_init/runtime_init.c.o
                0x10001030                runtime_init_install_ram_vector_table
 .text.start_all_ticks
                0x10001078       0x28 CMakeFiles/hello_asm.dir/home/ale/pico-sdk/src/rp2_common/pico_runtime_init/runtime_init_clocks.c.o
 .text.runtime_init_clocks
                0x100010a0       0xcc CMakeFiles/hello_asm.dir/home/ale/pico-sdk/src/rp2_common/pico_runtime_init/runtime_init_clocks.c.o
                0x100010a0                runtime_init_clocks
 .text          0x1000116c       0x10 CMakeFiles/hello_asm.dir/home/ale/pico-sdk/src/rp2_common/pico_bit_ops/bit_ops_aeabi.S.o
 .text.__wrap___aeabi_idiv
                0x1000117c       0x50 CMakeFiles/hello_asm.dir/home/ale/pico-sdk/src/rp2_common/pico_divider/divider_hardware.S.o
                0x1000117c                __wrap___aeabi_idivmod
                0x1000117c                divmod_s32s32
                0x1000117c                div_s32s32
                0x1000117c                __wrap___aeabi_idiv
                0x10001184                divmod_s32s32_unsafe
                0x100011b0                divmod_s32s32_savestate
 .text.__wrap___aeabi_uidiv
                0x100011cc       0x4c CMakeFiles/hello_asm.dir/home/ale/pico-sdk/src/rp2_common/pico_divider/divider_hardware.S.o
                0x100011cc                __wrap___aeabi_uidiv
                0x100011cc                __wrap___aeabi_uidivmod
                0x100011cc                div_u32u32
                0x100011cc                divmod_u32u32
                0x100011d4                divmod_u32u32_unsafe
                0x100011fc                divmod_u32u32_savestate
 .text.__wrap___aeabi_ldiv
                0x10001218      0x424 CMakeFiles/hello_asm.dir/home/ale/pico-sdk/src/rp2_common/pico_divider/divider_hardware.S.o
                0x10001218                div_s64s64
                0x10001218                divmod_s64s64
                0x10001218                __wrap___aeabi_ldivmod
                0x10001248                div_u64u64
                0x10001248                divmod_u64u64
                0x10001248                __wrap___aeabi_uldivmod
                0x10001258                divmod_u64u64_savestate
                0x10001278                divmod_s64s64_unsafe
                0x10001300                divmod_u64u64_unsafe
 .text.__wrap___aeabi_darithmetic
                0x1000163c       0x80 CMakeFiles/hello_asm.dir/home/ale/pico-sdk/src/rp2_common/pico_double/double_aeabi_rp2040.S.o
                0x1000163c                __wrap___aeabi_drsub
                0x10001642                __wrap___aeabi_dsub
                0x10001654                __wrap___aeabi_dadd
                0x10001666                __wrap___aeabi_ddiv
                0x100016a2                __wrap___aeabi_dmul
 .text.__wrap___aeabi_cdcmple
                0x100016bc       0x6c CMakeFiles/hello_asm.dir/home/ale/pico-sdk/src/rp2_common/pico_double/double_aeabi_rp2040.S.o
                0x100016bc                __wrap___aeabi_cdrcmple
                0x100016cc                __wrap___aeabi_cdcmple
                0x100016cc                __wrap___aeabi_cdcmpeq
 .text.__wrap___aeabi_dcmplt
                0x10001728        0xc CMakeFiles/hello_asm.dir/home/ale/pico-sdk/src/rp2_common/pico_double/double_aeabi_rp2040.S.o
                0x10001728                __wrap___aeabi_dcmplt
 .text.__wrap___aeabi_dcmple
                0x10001734       0x10 CMakeFiles/hello_asm.dir/home/ale/pico-sdk/src/rp2_common/pico_double/double_aeabi_rp2040.S.o
                0x10001734                __wrap___aeabi_dcmple
 .text.__wrap___aeabi_dcmpge
                0x10001744       0x10 CMakeFiles/hello_asm.dir/home/ale/pico-sdk/src/rp2_common/pico_double/double_aeabi_rp2040.S.o
                0x10001744                __wrap___aeabi_dcmpge
 .text.__wrap___aeabi_dcmpgt
                0x10001754        0xa CMakeFiles/hello_asm.dir/home/ale/pico-sdk/src/rp2_common/pico_double/double_aeabi_rp2040.S.o
                0x10001754                __wrap___aeabi_dcmpgt
 .text.__wrap___aeabi_dcmpun
                0x1000175e       0x18 CMakeFiles/hello_asm.dir/home/ale/pico-sdk/src/rp2_common/pico_double/double_aeabi_rp2040.S.o
                0x1000175e                __wrap___aeabi_dcmpun
 *fill*         0x10001776        0x2 
 .text.__wrap___aeabi_i2d
                0x10001778       0x38 CMakeFiles/hello_asm.dir/home/ale/pico-sdk/src/rp2_common/pico_double/double_aeabi_rp2040.S.o
                0x10001778                __wrap___aeabi_ui2d
                0x10001778                uint2double
                0x10001780                __wrap___aeabi_i2d
                0x10001780                int2double
 .text.__wrap___aeabi_d2iz
                0x100017b0       0x48 CMakeFiles/hello_asm.dir/home/ale/pico-sdk/src/rp2_common/pico_double/double_aeabi_rp2040.S.o
                0x100017b0                __wrap___aeabi_d2iz
                0x100017b0                double2int_z
 .text.__wrap___aeabi_d2uiz
                0x100017f8       0x18 CMakeFiles/hello_asm.dir/home/ale/pico-sdk/src/rp2_common/pico_double/double_aeabi_rp2040.S.o
                0x100017f8                double2uint_z
                0x100017f8                double2uint
                0x100017f8                __wrap___aeabi_d2uiz
 .text.__aeabi_double_init
                0x10001810       0xcc CMakeFiles/hello_asm.dir/home/ale/pico-sdk/src/rp2_common/pico_double/double_init_rom_rp2040.c.o
                0x10001810                __aeabi_double_init
 .text.double_table_shim_on_use_helper
                0x100018dc       0x34 CMakeFiles/hello_asm.dir/home/ale/pico-sdk/src/rp2_common/pico_double/double_v1_rom_shim_rp2040.S.o
                0x100018dc                double_table_shim_on_use_helper
 .text.__wrap___aeabi_dsub
                0x10001910       0x10 CMakeFiles/hello_asm.dir/home/ale/pico-sdk/src/rp2_common/pico_double/double_v1_rom_shim_rp2040.S.o
                0x10001910                drsub_shim
                0x10001916                dsub_shim
 .text.dadd_shim
                0x10001920      0x15c CMakeFiles/hello_asm.dir/home/ale/pico-sdk/src/rp2_common/pico_double/double_v1_rom_shim_rp2040.S.o
                0x10001920                dadd_shim
 .text.dmul_shim
                0x10001a7c      0x15c CMakeFiles/hello_asm.dir/home/ale/pico-sdk/src/rp2_common/pico_double/double_v1_rom_shim_rp2040.S.o
                0x10001a7c                dmul_shim
 .text.ddiv_shim
                0x10001bd8      0x1b0 CMakeFiles/hello_asm.dir/home/ale/pico-sdk/src/rp2_common/pico_double/double_v1_rom_shim_rp2040.S.o
                0x10001bd8                ddiv_shim
 .text.double2uint_shim
                0x10001d88        0xe CMakeFiles/hello_asm.dir/home/ale/pico-sdk/src/rp2_common/pico_double/double_v1_rom_shim_rp2040.S.o
                0x10001d88                double2uint_shim
                0x10001d8a                double2ufix_shim
 *fill*         0x10001d96        0x2 
 .text.double2uint64_shim
                0x10001d98       0x70 CMakeFiles/hello_asm.dir/home/ale/pico-sdk/src/rp2_common/pico_double/double_v1_rom_shim_rp2040.S.o
                0x10001d98                double2uint64_shim
                0x10001d9a                double2ufix64_shim
                0x10001dba                d2fix_a
 .text.dunpacks
                0x10001e08       0x3c CMakeFiles/hello_asm.dir/home/ale/pico-sdk/src/rp2_common/pico_double/double_v1_rom_shim_rp2040.S.o
                0x10001e08                dunpacks
 .text.__aeabi_float_init
                0x10001e44       0xfc CMakeFiles/hello_asm.dir/home/ale/pico-sdk/src/rp2_common/pico_float/float_init_rom_rp2040.c.o
                0x10001e44                __aeabi_float_init
 .text.float_table_shim_on_use_helper
                0x10001f40       0x34 CMakeFiles/hello_asm.dir/home/ale/pico-sdk/src/rp2_common/pico_float/float_v1_rom_shim_rp2040.S.o
                0x10001f40                float_table_shim_on_use_helper
 .text          0x10001f74       0x10 CMakeFiles/hello_asm.dir/home/ale/pico-sdk/src/rp2_common/pico_mem_ops/mem_ops_aeabi.S.o
                0x10001f74                __aeabi_mem_init
 .text.memcpy   0x10001f84        0xc CMakeFiles/hello_asm.dir/home/ale/pico-sdk/src/rp2_common/pico_mem_ops/mem_ops_aeabi.S.o
                0x10001f84                __wrap___aeabi_memcpy
                0x10001f84                __wrap_memcpy
 .text._out_null
                0x10001f90        0x2 CMakeFiles/hello_asm.dir/home/ale/pico-sdk/src/rp2_common/pico_printf/printf.c.o
 .text._out_fct
                0x10001f92        0xe CMakeFiles/hello_asm.dir/home/ale/pico-sdk/src/rp2_common/pico_printf/printf.c.o
 .text._atoi    0x10001fa0       0x24 CMakeFiles/hello_asm.dir/home/ale/pico-sdk/src/rp2_common/pico_printf/printf.c.o
 .text._out_rev
                0x10001fc4       0xae CMakeFiles/hello_asm.dir/home/ale/pico-sdk/src/rp2_common/pico_printf/printf.c.o
 .text._ntoa_format
                0x10002072      0x110 CMakeFiles/hello_asm.dir/home/ale/pico-sdk/src/rp2_common/pico_printf/printf.c.o
 .text._ntoa_long
                0x10002182       0xbc CMakeFiles/hello_asm.dir/home/ale/pico-sdk/src/rp2_common/pico_printf/printf.c.o
 .text._ntoa_long_long
                0x1000223e      0x10e CMakeFiles/hello_asm.dir/home/ale/pico-sdk/src/rp2_common/pico_printf/printf.c.o
 .text._etoa    0x1000234c      0x420 CMakeFiles/hello_asm.dir/home/ale/pico-sdk/src/rp2_common/pico_printf/printf.c.o
 .text._ftoa    0x1000276c      0x354 CMakeFiles/hello_asm.dir/home/ale/pico-sdk/src/rp2_common/pico_printf/printf.c.o
 .text._vsnprintf
                0x10002ac0      0x668 CMakeFiles/hello_asm.dir/home/ale/pico-sdk/src/rp2_common/pico_printf/printf.c.o
 .text.vfctprintf
                0x10003128       0x20 CMakeFiles/hello_asm.dir/home/ale/pico-sdk/src/rp2_common/pico_printf/printf.c.o
                0x10003128                vfctprintf
 .text._exit    0x10003148        0x4 CMakeFiles/hello_asm.dir/home/ale/pico-sdk/src/rp2_common/pico_clib_interface/newlib_interface.c.o
                0x10003148                _exit
 .text.exit     0x1000314c        0x6 CMakeFiles/hello_asm.dir/home/ale/pico-sdk/src/rp2_common/pico_clib_interface/newlib_interface.c.o
                0x1000314c                exit
 *fill*         0x10003152        0x2 
 .text.__assert_func
                0x10003154       0x38 CMakeFiles/hello_asm.dir/home/ale/pico-sdk/src/rp2_common/pico_clib_interface/newlib_interface.c.o
                0x10003154                __assert_func
 .text.runtime_init
                0x1000318c       0x28 CMakeFiles/hello_asm.dir/home/ale/pico-sdk/src/rp2_common/pico_clib_interface/newlib_interface.c.o
                0x1000318c                runtime_init
 .text.stdio_out_chars_no_crlf
                0x100031b4        0xe CMakeFiles/hello_asm.dir/home/ale/pico-sdk/src/rp2_common/pico_stdio/stdio.c.o
 *fill*         0x100031c2        0x2 
 .text.stdio_out_chars_crlf
                0x100031c4       0x80 CMakeFiles/hello_asm.dir/home/ale/pico-sdk/src/rp2_common/pico_stdio/stdio.c.o
 .text.stdio_stack_buffer_flush
                0x10003244       0x44 CMakeFiles/hello_asm.dir/home/ale/pico-sdk/src/rp2_common/pico_stdio/stdio.c.o
 .text.stdio_buffered_printer
                0x10003288       0x20 CMakeFiles/hello_asm.dir/home/ale/pico-sdk/src/rp2_common/pico_stdio/stdio.c.o
 .text.stdout_serialize_begin
                0x100032a8       0x30 CMakeFiles/hello_asm.dir/home/ale/pico-sdk/src/rp2_common/pico_stdio/stdio.c.o
                0x100032a8                stdout_serialize_begin
 .text.stdout_serialize_end
                0x100032d8       0x10 CMakeFiles/hello_asm.dir/home/ale/pico-sdk/src/rp2_common/pico_stdio/stdio.c.o
                0x100032d8                stdout_serialize_end
 .text.stdio_put_string
                0x100032e8       0x94 CMakeFiles/hello_asm.dir/home/ale/pico-sdk/src/rp2_common/pico_stdio/stdio.c.o
                0x100032e8                stdio_put_string
 .text.stdio_flush
                0x1000337c       0x20 CMakeFiles/hello_asm.dir/home/ale/pico-sdk/src/rp2_common/pico_stdio/stdio.c.o
                0x1000337c                stdio_flush
 .text.__wrap_puts
                0x1000339c       0x1e CMakeFiles/hello_asm.dir/home/ale/pico-sdk/src/rp2_common/pico_stdio/stdio.c.o
                0x1000339c                __wrap_puts
                0x1000339c                stdio_puts
 *fill*         0x100033ba        0x2 
 .text.__wrap_vprintf
                0x100033bc       0x40 CMakeFiles/hello_asm.dir/home/ale/pico-sdk/src/rp2_common/pico_stdio/stdio.c.o
                0x100033bc                __wrap_vprintf
                0x100033bc                stdio_vprintf
 .text.__wrap_printf
                0x100033fc       0x18 CMakeFiles/hello_asm.dir/home/ale/pico-sdk/src/rp2_common/pico_stdio/stdio.c.o
                0x100033fc                stdio_printf
                0x100033fc                __wrap_printf
 .text          0x10003414       0x10 /usr/lib/gcc/arm-none-eabi/13.2.1/../../../arm-none-eabi/lib/thumb/v6-m/nofp/libg.a(libc_a-atexit.o)
                0x10003414                atexit
 .text          0x10003424       0x5c /usr/lib/gcc/arm-none-eabi/13.2.1/../../../arm-none-eabi/lib/thumb/v6-m/nofp/libg.a(libc_a-strlen-stub.o)
                0x10003424                strlen
 .text          0x10003480       0x28 /usr/lib/gcc/arm-none-eabi/13.2.1/../../../arm-none-eabi/lib/thumb/v6-m/nofp/libg.a(libc_a-fini.o)
                0x10003480                __libc_fini_array
 .text          0x100034a8       0x78 /usr/lib/gcc/arm-none-eabi/13.2.1/../../../arm-none-eabi/lib/thumb/v6-m/nofp/libg.a(libc_a-__atexit.o)
                0x100034a8                __register_exitproc
 .text.startup  0x10003520       0x18 /usr/lib/gcc/arm-none-eabi/13.2.1/../../../arm-none-eabi/lib/thumb/v6-m/nofp/libg.a(libc_a-__call_atexit.o)
 *(.fini)
 .fini          0x10003538        0x4 /usr/lib/gcc/arm-none-eabi/13.2.1/thumb/v6-m/nofp/crti.o
                0x10003538                _fini
 *fill*         0x1000353c        0x4 
 .fini.__stub   0x10003540       0x40 linker stubs
 *crtbegin.o(.ctors)
 *crtbegin?.o(.ctors)
 *(EXCLUDE_FILE(*crtend.o *crtend?.o) .ctors)
 *(SORT_BY_NAME(.ctors.*))
 *(.ctors)
 *crtbegin.o(.dtors)
 *crtbegin?.o(.dtors)
 *(EXCLUDE_FILE(*crtend.o *crtend?.o) .dtors)
 *(SORT_BY_NAME(.dtors.*))
 *(.dtors)
                0x10003580                        . = ALIGN (0x4)
                0x10003580                        PROVIDE (__preinit_array_start = .)
 *(SORT_BY_NAME(.preinit_array.*))
 .preinit_array.00100
                0x10003580        0x4 CMakeFiles/hello_asm.dir/home/ale/pico-sdk/src/rp2_common/pico_runtime_init/runtime_init.c.o
                0x10003580                __pre_init_runtime_init_early_resets
 .preinit_array.00101
                0x10003584        0x4 CMakeFiles/hello_asm.dir/home/ale/pico-sdk/src/rp2_common/pico_runtime_init/runtime_init.c.o
                0x10003584                __pre_init_runtime_init_usb_power_down
 .preinit_array.00275
                0x10003588        0x4 CMakeFiles/hello_asm.dir/home/ale/pico-sdk/src/rp2_common/pico_bit_ops/bit_ops_aeabi.S.o
 .preinit_array.00300
                0x1000358c        0x4 CMakeFiles/hello_asm.dir/home/ale/pico-sdk/src/rp2_common/pico_mem_ops/mem_ops_aeabi.S.o
 .preinit_array.00350
                0x10003590        0x4 CMakeFiles/hello_asm.dir/home/ale/pico-sdk/src/rp2_common/pico_double/double_aeabi_rp2040.S.o
 .preinit_array.00350
                0x10003594        0x4 CMakeFiles/hello_asm.dir/home/ale/pico-sdk/src/rp2_common/pico_float/float_aeabi_rp2040.S.o
 .preinit_array.00500
                0x10003598        0x4 CMakeFiles/hello_asm.dir/home/ale/pico-sdk/src/rp2_common/pico_runtime_init/runtime_init.c.o
                0x10003598                __pre_init_runtime_init_clocks
 .preinit_array.00600
                0x1000359c        0x4 CMakeFiles/hello_asm.dir/home/ale/pico-sdk/src/rp2_common/pico_runtime_init/runtime_init.c.o
                0x1000359c                __pre_init_runtime_init_post_clock_resets
 .preinit_array.00700
                0x100035a0        0x4 CMakeFiles/hello_asm.dir/home/ale/pico-sdk/src/rp2_common/pico_runtime_init/runtime_init.c.o
                0x100035a0                __pre_init_runtime_init_rp2040_gpio_ie_disable
 .preinit_array.01000
                0x100035a4        0x4 CMakeFiles/hello_asm.dir/home/ale/pico-sdk/src/rp2_common/pico_runtime_init/runtime_init.c.o
                0x100035a4                __pre_init_runtime_init_spin_locks_reset
 .preinit_array.01100
                0x100035a8        0x4 CMakeFiles/hello_asm.dir/home/ale/pico-sdk/src/common/pico_sync/mutex.c.o
                0x100035a8                __pre_init_runtime_init_mutex
 .preinit_array.10080
                0x100035ac        0x4 CMakeFiles/hello_asm.dir/home/ale/pico-sdk/src/rp2_common/pico_runtime_init/runtime_init.c.o
                0x100035ac                __pre_init_runtime_init_install_ram_vector_table
 .preinit_array.11000
                0x100035b0        0x4 CMakeFiles/hello_asm.dir/home/ale/pico-sdk/src/common/pico_time/time.c.o
                0x100035b0                __pre_init_runtime_init_default_alarm_pool
 .preinit_array.YYYYY
                0x100035b4        0x4 CMakeFiles/hello_asm.dir/home/ale/pico-sdk/src/rp2_common/pico_runtime/runtime.c.o
                0x100035b4                __pre_init_first_per_core_initializer
 .preinit_array.ZZZZZ.01200
                0x100035b8        0x4 CMakeFiles/hello_asm.dir/home/ale/pico-sdk/src/rp2_common/hardware_irq/irq.c.o
                0x100035b8                __pre_init_runtime_init_per_core_irq_priorities
 *(.preinit_array)
                0x100035bc                        PROVIDE (__preinit_array_end = .)
                0x100035bc                        . = ALIGN (0x4)
                0x100035bc                        PROVIDE (__init_array_start = .)
 *(SORT_BY_NAME(.init_array.*))
 .init_array.00000
                0x100035bc        0x4 /usr/lib/gcc/arm-none-eabi/13.2.1/../../../arm-none-eabi/lib/thumb/v6-m/nofp/libg.a(libc_a-__call_atexit.o)
 *(.init_array)
 .init_array    0x100035c0        0x4 /usr/lib/gcc/arm-none-eabi/13.2.1/thumb/v6-m/nofp/crtbegin.o
                0x100035c4                        PROVIDE (__init_array_end = .)
                0x100035c4                        . = ALIGN (0x4)
                0x100035c4                        PROVIDE (__fini_array_start = .)
 *(SORT_BY_NAME(.fini_array.*))
 *(.fini_array)
                0x100035c4                        PROVIDE (__fini_array_end = .)
 *(.eh_frame*)
 .eh_frame      0x100035c4        0x0 /usr/lib/gcc/arm-none-eabi/13.2.1/thumb/v6-m/nofp/crtbegin.o
                0x100035c4                        . = ALIGN (0x4)

.glue_7         0x100035c4        0x0
 .glue_7        0x100035c4        0x0 linker stubs

.glue_7t        0x100035c4        0x0
 .glue_7t       0x100035c4        0x0 linker stubs

.vfp11_veneer   0x100035c4        0x0
 .vfp11_veneer  0x100035c4        0x0 linker stubs

.v4_bx          0x100035c4        0x0
 .v4_bx         0x100035c4        0x0 linker stubs

.iplt           0x100035c4        0x0
 .iplt          0x100035c4        0x0 /usr/lib/gcc/arm-none-eabi/13.2.1/thumb/v6-m/nofp/crtbegin.o

.rodata         0x100035c8      0x78c
 *(EXCLUDE_FILE(*libm.a: *libc.a:*lib_a-mem*.o *libgcc.a:) .rodata*)
 .rodata.panic.str1.4
                0x100035c8      0x48f CMakeFiles/hello_asm.dir/home/ale/pico-sdk/src/rp2_common/pico_platform_panic/panic.c.o
                                 0x12 (size before relaxing)
 .rodata.resolve_j_16.str1.4
                0x10003a57       0x4d CMakeFiles/hello_asm.dir/home/ale/pico-sdk/src/rp2_common/hardware_irq/irq.c.o
 .rodata.irq_set_exclusive_handler.str1.4
                0x10003a57       0x36 CMakeFiles/hello_asm.dir/home/ale/pico-sdk/src/rp2_common/hardware_irq/irq.c.o
 *fill*         0x10003a57        0x1 
 .rodata.__func__.6
                0x10003a58       0x1a CMakeFiles/hello_asm.dir/home/ale/pico-sdk/src/rp2_common/hardware_irq/irq.c.o
 .rodata.runtime_init_mutex.str1.4
                0x10003a72       0x50 CMakeFiles/hello_asm.dir/home/ale/pico-sdk/src/common/pico_sync/mutex.c.o
 .rodata.str1.4
                0x10003a72       0x51 CMakeFiles/hello_asm.dir/home/ale/pico-sdk/src/common/pico_sync/mutex.c.o
 *fill*         0x10003a72        0x2 
 .rodata.__func__.1
                0x10003a74        0xb CMakeFiles/hello_asm.dir/home/ale/pico-sdk/src/common/pico_sync/mutex.c.o
 *fill*         0x10003a7f        0x1 
 .rodata.__func__.3
                0x10003a80       0x18 CMakeFiles/hello_asm.dir/home/ale/pico-sdk/src/common/pico_sync/mutex.c.o
 .rodata.__func__.6
                0x10003a98       0x13 CMakeFiles/hello_asm.dir/home/ale/pico-sdk/src/common/pico_sync/mutex.c.o
 .rodata.alarm_pool_irq_handler.str1.4
                0x10003aab       0x5b CMakeFiles/hello_asm.dir/home/ale/pico-sdk/src/common/pico_time/time.c.o
 .rodata.alarm_pool_get_default.str1.4
                0x10003aab       0x21 CMakeFiles/hello_asm.dir/home/ale/pico-sdk/src/common/pico_time/time.c.o
 *fill*         0x10003aab        0x1 
 .rodata.__func__.1
                0x10003aac       0x17 CMakeFiles/hello_asm.dir/home/ale/pico-sdk/src/common/pico_time/time.c.o
 *fill*         0x10003ac3        0x1 
 .rodata.__func__.2
                0x10003ac4       0x17 CMakeFiles/hello_asm.dir/home/ale/pico-sdk/src/common/pico_time/time.c.o
 .rodata.timer_hardware_alarm_claim.str1.4
                0x10003adb       0x22 CMakeFiles/hello_asm.dir/home/ale/pico-sdk/src/rp2_common/hardware_timer/timer.c.o
 .rodata.pll_init.str1.4
                0x10003adb      0x10c CMakeFiles/hello_asm.dir/home/ale/pico-sdk/src/rp2_common/hardware_pll/pll.c.o
 *fill*         0x10003adb        0x1 
 .rodata.__func__.0
                0x10003adc        0x9 CMakeFiles/hello_asm.dir/home/ale/pico-sdk/src/rp2_common/hardware_pll/pll.c.o
 .rodata.__aeabi_double_init.str1.4
                0x10003ae5       0x8b CMakeFiles/hello_asm.dir/home/ale/pico-sdk/src/rp2_common/pico_double/double_init_rom_rp2040.c.o
 *fill*         0x10003ae5        0x3 
 .rodata.__func__.0
                0x10003ae8       0x14 CMakeFiles/hello_asm.dir/home/ale/pico-sdk/src/rp2_common/pico_double/double_init_rom_rp2040.c.o
 .rodata.__aeabi_float_init.str1.4
                0x10003afc       0x7d CMakeFiles/hello_asm.dir/home/ale/pico-sdk/src/rp2_common/pico_float/float_init_rom_rp2040.c.o
 .rodata.__func__.0
                0x10003afc       0x13 CMakeFiles/hello_asm.dir/home/ale/pico-sdk/src/rp2_common/pico_float/float_init_rom_rp2040.c.o
 .rodata.str1.4
                0x10003b0f       0x40 CMakeFiles/hello_asm.dir/home/ale/pico-sdk/src/rp2_common/pico_standard_binary_info/standard_binary_info.c.o
 *fill*         0x10003b0f        0x1 
 .rodata.__bi_84
                0x10003b10        0xc CMakeFiles/hello_asm.dir/home/ale/pico-sdk/src/rp2_common/pico_standard_binary_info/standard_binary_info.c.o
 .rodata.__bi_78
                0x10003b1c        0xc CMakeFiles/hello_asm.dir/home/ale/pico-sdk/src/rp2_common/pico_standard_binary_info/standard_binary_info.c.o
 .rodata.__bi_54
                0x10003b28        0xc CMakeFiles/hello_asm.dir/home/ale/pico-sdk/src/rp2_common/pico_standard_binary_info/standard_binary_info.c.o
 .rodata.__bi_48
                0x10003b34        0xc CMakeFiles/hello_asm.dir/home/ale/pico-sdk/src/rp2_common/pico_standard_binary_info/standard_binary_info.c.o
 .rodata.__bi_42
                0x10003b40        0xc CMakeFiles/hello_asm.dir/home/ale/pico-sdk/src/rp2_common/pico_standard_binary_info/standard_binary_info.c.o
 .rodata.__bi_34
                0x10003b4c        0xc CMakeFiles/hello_asm.dir/home/ale/pico-sdk/src/rp2_common/pico_standard_binary_info/standard_binary_info.c.o
 .rodata.__bi_26
                0x10003b58        0xc CMakeFiles/hello_asm.dir/home/ale/pico-sdk/src/rp2_common/pico_standard_binary_info/standard_binary_info.c.o
 .rodata._ftoa.str1.4
                0x10003b64       0x15 CMakeFiles/hello_asm.dir/home/ale/pico-sdk/src/rp2_common/pico_printf/printf.c.o
 .rodata._vsnprintf
                0x10003b64      0x19c CMakeFiles/hello_asm.dir/home/ale/pico-sdk/src/rp2_common/pico_printf/printf.c.o
 .rodata.pow10.0
                0x10003d00       0x50 CMakeFiles/hello_asm.dir/home/ale/pico-sdk/src/rp2_common/pico_printf/printf.c.o
 .rodata.__assert_func.str1.4
                0x10003d50       0x43 CMakeFiles/hello_asm.dir/home/ale/pico-sdk/src/rp2_common/pico_clib_interface/newlib_interface.c.o
 .rodata.crlf_str.0
                0x10003d50        0x2 CMakeFiles/hello_asm.dir/home/ale/pico-sdk/src/rp2_common/pico_stdio/stdio.c.o
                0x10003d94                        . = ALIGN (0x4)
 *fill*         0x10003d52        0x2 
 *(SORT_BY_ALIGNMENT(SORT_BY_NAME(.flashdata*)))
                0x10003d54                        . = ALIGN (0x4)

.ARM.extab
 *(.ARM.extab* .gnu.linkonce.armextab.*)
                0x10003d54                        __exidx_start = .

.ARM.exidx
 *(.ARM.exidx* .gnu.linkonce.armexidx.*)
                0x10003d54                        __exidx_end = .
                0x10003d54                        . = ALIGN (0x4)
                0x10003d54                        __binary_info_start = .

.binary_info    0x10003d54       0x1c
 *(.binary_info.keep.*)
 .binary_info.keep.__bi_ptr84
                0x10003d54        0x4 CMakeFiles/hello_asm.dir/home/ale/pico-sdk/src/rp2_common/pico_standard_binary_info/standard_binary_info.c.o
 .binary_info.keep.__bi_ptr78
                0x10003d58        0x4 CMakeFiles/hello_asm.dir/home/ale/pico-sdk/src/rp2_common/pico_standard_binary_info/standard_binary_info.c.o
 .binary_info.keep.__bi_ptr54
                0x10003d5c        0x4 CMakeFiles/hello_asm.dir/home/ale/pico-sdk/src/rp2_common/pico_standard_binary_info/standard_binary_info.c.o
 .binary_info.keep.__bi_ptr48
                0x10003d60        0x4 CMakeFiles/hello_asm.dir/home/ale/pico-sdk/src/rp2_common/pico_standard_binary_info/standard_binary_info.c.o
 .binary_info.keep.__bi_ptr42
                0x10003d64        0x4 CMakeFiles/hello_asm.dir/home/ale/pico-sdk/src/rp2_common/pico_standard_binary_info/standard_binary_info.c.o
 .binary_info.keep.__bi_ptr34
                0x10003d68        0x4 CMakeFiles/hello_asm.dir/home/ale/pico-sdk/src/rp2_common/pico_standard_binary_info/standard_binary_info.c.o
 .binary_info.keep.__bi_ptr26
                0x10003d6c        0x4 CMakeFiles/hello_asm.dir/home/ale/pico-sdk/src/rp2_common/pico_standard_binary_info/standard_binary_info.c.o
 *(.binary_info.*)
                0x10003d70                        __binary_info_end = .
                0x10003d70                        . = ALIGN (0x4)

.ram_vector_table
                0x20000000       0xc0
 *(.ram_vector_table)
 .ram_vector_table
                0x20000000       0xc0 CMakeFiles/hello_asm.dir/home/ale/pico-sdk/src/rp2_common/pico_runtime_init/runtime_init.c.o
                0x20000000                ram_vector_table

.uninitialized_data
                0x200000c0        0x0
                0x200000c0                        . = ALIGN (0x4)
 *(.uninitialized_data*)

.data           0x200000c0      0x1d8 load address 0x10003d70
                0x200000c0                        __data_start__ = .
 *(vtable)
 *(.time_critical*)
 .time_critical.mutex_try_enter
                0x200000c0       0x48 CMakeFiles/hello_asm.dir/home/ale/pico-sdk/src/common/pico_sync/mutex.c.o
                0x200000c0                mutex_try_enter
 .time_critical.mutex_enter_block_until
                0x20000108       0x90 CMakeFiles/hello_asm.dir/home/ale/pico-sdk/src/common/pico_sync/mutex.c.o
                0x20000108                mutex_enter_block_until
 .time_critical.mutex_try_enter_block_until
                0x20000198       0x34 CMakeFiles/hello_asm.dir/home/ale/pico-sdk/src/common/pico_sync/mutex.c.o
                0x20000198                mutex_try_enter_block_until
 .time_critical.mutex_exit
                0x200001cc       0x4c CMakeFiles/hello_asm.dir/home/ale/pico-sdk/src/common/pico_sync/mutex.c.o
                0x200001cc                mutex_exit
 *(.text*)
 .text          0x20000218        0x4 /usr/lib/gcc/arm-none-eabi/13.2.1/thumb/v6-m/nofp/libgcc.a(_dvmd_tls.o)
                0x20000218                __aeabi_ldiv0
                0x20000218                __aeabi_idiv0
 *fill*         0x2000021c        0x4 
 .text.__stub   0x20000220       0x20 linker stubs
                0x20000240                        . = ALIGN (0x4)
 *(.rodata*)
                0x20000240                        . = ALIGN (0x4)
 *(.data*)
 *fill*         0x20000240        0x0 
 .data          0x20000240       0x10 CMakeFiles/hello_asm.dir/main.S.o
 .data.striped_spin_lock_num
                0x20000250        0x1 CMakeFiles/hello_asm.dir/home/ale/pico-sdk/src/rp2_common/hardware_sync/sync.c.o
 *fill*         0x20000251        0x3 
 .data.default_alarm_pool
                0x20000254       0x18 CMakeFiles/hello_asm.dir/home/ale/pico-sdk/src/common/pico_time/time.c.o
 *fill*         0x2000026c        0x4 
 .data.aeabi_bits_funcs
                0x20000270       0x10 CMakeFiles/hello_asm.dir/home/ale/pico-sdk/src/rp2_common/pico_bit_ops/bit_ops_aeabi.S.o
                0x20000270                aeabi_bits_funcs
                0x20000280                aeabi_bits_funcs_end
 .data.aeabi_mem_funcs
                0x20000280       0x10 CMakeFiles/hello_asm.dir/home/ale/pico-sdk/src/rp2_common/pico_mem_ops/mem_ops_aeabi.S.o
                0x20000280                aeabi_mem_funcs
                0x20000290                aeabi_mem_funcs_end
                0x20000290                        . = ALIGN (0x4)
 *(.after_data.*)
                0x20000290                        . = ALIGN (0x4)
                0x20000290                        PROVIDE (__mutex_array_start = .)
 *(SORT_BY_NAME(.mutex_array.*))
 *(.mutex_array)
 .mutex_array   0x20000290        0x8 CMakeFiles/hello_asm.dir/home/ale/pico-sdk/src/rp2_common/pico_stdio/stdio.c.o
                0x20000298                        PROVIDE (__mutex_array_end = .)
                0x20000298                        . = ALIGN (0x4)
 *(.jcr)
                0x20000298                        . = ALIGN (0x4)

.tm_clone_table
                0x20000298        0x0 load address 0x10003f48
 .tm_clone_table
                0x20000298        0x0 /usr/lib/gcc/arm-none-eabi/13.2.1/thumb/v6-m/nofp/crtbegin.o
 .tm_clone_table
                0x20000298        0x0 /usr/lib/gcc/arm-none-eabi/13.2.1/thumb/v6-m/nofp/crtend.o

.igot.plt       0x20000298        0x0 load address 0x10003f48
 .igot.plt      0x20000298        0x0 /usr/lib/gcc/arm-none-eabi/13.2.1/thumb/v6-m/nofp/crtbegin.o

.tdata          0x20000298        0x0 load address 0x10003f48
                0x20000298                        . = ALIGN (0x4)
 *(.tdata .tdata.* .gnu.linkonce.td.*)
                0x20000298                        __tdata_end = .
                0x20000298                        PROVIDE (__data_end__ = .)
                0x10003d70                        __etext = LOADADDR (.data)

.tbss           0x20000298        0x0 load address 0x10003f48
                0x20000298                        . = ALIGN (0x4)
                0x20000298                        __bss_start__ = .
                0x20000298                        __tls_base = .
 *(.tbss .tbss.* .gnu.linkonce.tb.*)
 *(.tcommon)
                0x20000298                        __tls_end = .

.bss            0x20000298      0x57c load address 0x10003f48
                0x20000298                        . = ALIGN (0x4)
                0x20000298                        __tbss_end = .
 *(SORT_BY_ALIGNMENT(SORT_BY_NAME(.bss*)))
 .bss.default_alarm_pool_entries
                0x20000298      0x180 CMakeFiles/hello_asm.dir/home/ale/pico-sdk/src/common/pico_time/time.c.o
 .bss           0x20000418       0x1c /usr/lib/gcc/arm-none-eabi/13.2.1/thumb/v6-m/nofp/crtbegin.o
 .bss           0x20000434      0x190 /usr/lib/gcc/arm-none-eabi/13.2.1/../../../arm-none-eabi/lib/thumb/v6-m/nofp/libg.a(libc_a-__atexit.o)
                0x20000434                __atexit0
 .bss           0x200005c4        0x4 /usr/lib/gcc/arm-none-eabi/13.2.1/../../../arm-none-eabi/lib/thumb/v6-m/nofp/libg.a(libc_a-__call_atexit.o)
                0x200005c4                __atexit
 .bss.claimed   0x200005c8        0x1 CMakeFiles/hello_asm.dir/home/ale/pico-sdk/src/rp2_common/hardware_timer/timer.c.o
 *fill*         0x200005c9        0x3 
 .bss.configured_freq
                0x200005cc       0x28 CMakeFiles/hello_asm.dir/home/ale/pico-sdk/src/rp2_common/hardware_clocks/clocks.c.o
 .bss.drivers   0x200005f4        0x4 CMakeFiles/hello_asm.dir/home/ale/pico-sdk/src/rp2_common/pico_stdio/stdio.c.o
 .bss.filter    0x200005f8        0x4 CMakeFiles/hello_asm.dir/home/ale/pico-sdk/src/rp2_common/pico_stdio/stdio.c.o
 .bss.pools     0x200005fc       0x10 CMakeFiles/hello_asm.dir/home/ale/pico-sdk/src/common/pico_time/time.c.o
 .bss.sd_table  0x2000060c      0x100 CMakeFiles/hello_asm.dir/home/ale/pico-sdk/src/rp2_common/pico_double/double_init_rom_rp2040.c.o
                0x2000060c                sd_table
 .bss.sf_clz_func
                0x2000070c        0x4 CMakeFiles/hello_asm.dir/home/ale/pico-sdk/src/rp2_common/pico_double/double_init_rom_rp2040.c.o
                0x2000070c                sf_clz_func
 .bss.sf_table  0x20000710      0x100 CMakeFiles/hello_asm.dir/home/ale/pico-sdk/src/rp2_common/pico_float/float_init_rom_rp2040.c.o
                0x20000710                sf_table
 .bss.sleep_notifier
                0x20000810        0x4 CMakeFiles/hello_asm.dir/home/ale/pico-sdk/src/common/pico_time/time.c.o
 *(COMMON)
                0x20000814                        . = ALIGN (0x4)
                0x20000814                        __bss_end__ = .

.heap           0x20000814      0x800 load address 0x10003f48
                0x20000814                        __end__ = .
                0x20000814                        end = __end__
 *(.heap*)
 .heap          0x20000814      0x800 CMakeFiles/hello_asm.dir/home/ale/pico-sdk/src/rp2_common/pico_crt0/crt0.S.o
                0x20040000                        __HeapLimit = (ORIGIN (RAM) + LENGTH (RAM))

.scratch_x      0x20040000        0x0 load address 0x10003f48
                0x20040000                        __scratch_x_start__ = .
 *(.scratch_x.*)
                0x20040000                        . = ALIGN (0x4)
                0x20040000                        __scratch_x_end__ = .
                0x10003f48                        __scratch_x_source__ = LOADADDR (.scratch_x)

.scratch_y      0x20041000        0x0 load address 0x10003f48
                0x20041000                        __scratch_y_start__ = .
 *(.scratch_y.*)
                0x20041000                        . = ALIGN (0x4)
                0x20041000                        __scratch_y_end__ = .
                0x10003f48                        __scratch_y_source__ = LOADADDR (.scratch_y)

.stack1_dummy
 *(.stack1*)

.stack_dummy    0x20041000      0x800
 *(.stack*)
 .stack         0x20041000      0x800 CMakeFiles/hello_asm.dir/home/ale/pico-sdk/src/rp2_common/pico_crt0/crt0.S.o

.rel.dyn        0x20041800        0x0
 .rel.iplt      0x20041800        0x0 /usr/lib/gcc/arm-none-eabi/13.2.1/thumb/v6-m/nofp/crtbegin.o

.flash_end      0x10003f48        0x0
 *(.embedded_end_block*)
                0x10003f48                        PROVIDE (__flash_binary_end = .)
                0x20040000                        __StackLimit = (ORIGIN (RAM) + LENGTH (RAM))
                0x20041000                        __StackOneTop = (ORIGIN (SCRATCH_X) + LENGTH (SCRATCH_X))
                0x20042000                        __StackTop = (ORIGIN (SCRATCH_Y) + LENGTH (SCRATCH_Y))
                0x20041000                        __StackOneBottom = (__StackOneTop - SIZEOF (.stack1_dummy))
                0x20041800                        __StackBottom = (__StackTop - SIZEOF (.stack_dummy))
                0x20042000                        PROVIDE (__stack = __StackTop)
                [!provide]                        PROVIDE (__heap_start = __end__)
                [!provide]                        PROVIDE (__heap_end = __HeapLimit)
                [!provide]                        PROVIDE (__tls_align = MAX (ALIGNOF (.tdata), ALIGNOF (.tbss)))
                [!provide]                        PROVIDE (__tls_size_align = (((__tls_size + __tls_align) - 0x1) & ~ ((__tls_align - 0x1))))
                [!provide]                        PROVIDE (__arm32_tls_tcb_offset = MAX (0x8, __tls_align))
                [!provide]                        PROVIDE (_end = __end__)
                [!provide]                        PROVIDE (__llvm_libc_heap_limit = __HeapLimit)
                0x00000001                        ASSERT ((__StackLimit >= __HeapLimit), region RAM overflowed)
                0x00000001                        ASSERT (((__binary_info_header_end - __logical_binary_start) <= 0x100), Binary info must be in first 256 bytes of the binary)
LOAD CMakeFiles/hello_asm.dir/main.S.o
LOAD CMakeFiles/hello_asm.dir/home/ale/pico-sdk/src/rp2_common/pico_stdlib/stdlib.c.o
LOAD CMakeFiles/hello_asm.dir/home/ale/pico-sdk/src/rp2_common/hardware_gpio/gpio.c.o
LOAD CMakeFiles/hello_asm.dir/home/ale/pico-sdk/src/rp2040/pico_platform/platform.c.o
LOAD CMakeFiles/hello_asm.dir/home/ale/pico-sdk/src/rp2_common/pico_platform_common/common.c.o
LOAD CMakeFiles/hello_asm.dir/home/ale/pico-sdk/src/rp2_common/pico_platform_panic/panic.c.o
LOAD CMakeFiles/hello_asm.dir/home/ale/pico-sdk/src/common/hardware_claim/claim.c.o
LOAD CMakeFiles/hello_asm.dir/home/ale/pico-sdk/src/rp2_common/hardware_sync/sync.c.o
LOAD CMakeFiles/hello_asm.dir/home/ale/pico-sdk/src/rp2_common/hardware_sync_spin_lock/sync_spin_lock.c.o
LOAD CMakeFiles/hello_asm.dir/home/ale/pico-sdk/src/rp2_common/hardware_irq/irq.c.o
LOAD CMakeFiles/hello_asm.dir/home/ale/pico-sdk/src/rp2_common/hardware_irq/irq_handler_chain.S.o
LOAD CMakeFiles/hello_asm.dir/home/ale/pico-sdk/src/common/pico_sync/sem.c.o
LOAD CMakeFiles/hello_asm.dir/home/ale/pico-sdk/src/common/pico_sync/lock_core.c.o
LOAD CMakeFiles/hello_asm.dir/home/ale/pico-sdk/src/common/pico_sync/mutex.c.o
LOAD CMakeFiles/hello_asm.dir/home/ale/pico-sdk/src/common/pico_sync/critical_section.c.o
LOAD CMakeFiles/hello_asm.dir/home/ale/pico-sdk/src/common/pico_time/time.c.o
LOAD CMakeFiles/hello_asm.dir/home/ale/pico-sdk/src/common/pico_time/timeout_helper.c.o
LOAD CMakeFiles/hello_asm.dir/home/ale/pico-sdk/src/rp2_common/hardware_timer/timer.c.o
LOAD CMakeFiles/hello_asm.dir/home/ale/pico-sdk/src/common/pico_util/datetime.c.o
LOAD CMakeFiles/hello_asm.dir/home/ale/pico-sdk/src/common/pico_util/pheap.c.o
LOAD CMakeFiles/hello_asm.dir/home/ale/pico-sdk/src/common/pico_util/queue.c.o
LOAD CMakeFiles/hello_asm.dir/home/ale/pico-sdk/src/rp2_common/hardware_uart/uart.c.o
LOAD CMakeFiles/hello_asm.dir/home/ale/pico-sdk/src/rp2_common/hardware_clocks/clocks.c.o
LOAD CMakeFiles/hello_asm.dir/home/ale/pico-sdk/src/rp2_common/hardware_pll/pll.c.o
LOAD CMakeFiles/hello_asm.dir/home/ale/pico-sdk/src/rp2_common/hardware_vreg/vreg.c.o
LOAD CMakeFiles/hello_asm.dir/home/ale/pico-sdk/src/rp2_common/hardware_watchdog/watchdog.c.o
LOAD CMakeFiles/hello_asm.dir/home/ale/pico-sdk/src/rp2_common/hardware_ticks/ticks.c.o
LOAD CMakeFiles/hello_asm.dir/home/ale/pico-sdk/src/rp2_common/pico_bootrom/bootrom.c.o
LOAD CMakeFiles/hello_asm.dir/home/ale/pico-sdk/src/rp2_common/pico_bootrom/bootrom_lock.c.o
LOAD CMakeFiles/hello_asm.dir/home/ale/pico-sdk/src/rp2_common/hardware_boot_lock/boot_lock.c.o
LOAD CMakeFiles/hello_asm.dir/home/ale/pico-sdk/src/rp2_common/pico_flash/flash.c.o
LOAD CMakeFiles/hello_asm.dir/home/ale/pico-sdk/src/rp2_common/hardware_xosc/xosc.c.o
LOAD CMakeFiles/hello_asm.dir/home/ale/pico-sdk/src/rp2_common/hardware_divider/divider.S.o
LOAD CMakeFiles/hello_asm.dir/home/ale/pico-sdk/src/rp2_common/pico_runtime/runtime.c.o
LOAD CMakeFiles/hello_asm.dir/home/ale/pico-sdk/src/rp2_common/pico_runtime_init/runtime_init.c.o
LOAD CMakeFiles/hello_asm.dir/home/ale/pico-sdk/src/rp2_common/pico_runtime_init/runtime_init_clocks.c.o
LOAD CMakeFiles/hello_asm.dir/home/ale/pico-sdk/src/rp2_common/pico_runtime_init/runtime_init_stack_guard.c.o
LOAD CMakeFiles/hello_asm.dir/home/ale/pico-sdk/src/rp2_common/pico_bit_ops/bit_ops_aeabi.S.o
LOAD CMakeFiles/hello_asm.dir/home/ale/pico-sdk/src/rp2_common/pico_divider/divider_hardware.S.o
LOAD CMakeFiles/hello_asm.dir/home/ale/pico-sdk/src/rp2_common/pico_double/double_aeabi_rp2040.S.o
LOAD CMakeFiles/hello_asm.dir/home/ale/pico-sdk/src/rp2_common/pico_double/double_init_rom_rp2040.c.o
LOAD CMakeFiles/hello_asm.dir/home/ale/pico-sdk/src/rp2_common/pico_double/double_math.c.o
LOAD CMakeFiles/hello_asm.dir/home/ale/pico-sdk/src/rp2_common/pico_double/double_v1_rom_shim_rp2040.S.o
LOAD CMakeFiles/hello_asm.dir/home/ale/pico-sdk/src/rp2_common/pico_int64_ops/pico_int64_ops_aeabi.S.o
LOAD CMakeFiles/hello_asm.dir/home/ale/pico-sdk/src/rp2_common/pico_float/float_aeabi_rp2040.S.o
LOAD CMakeFiles/hello_asm.dir/home/ale/pico-sdk/src/rp2_common/pico_float/float_init_rom_rp2040.c.o
LOAD CMakeFiles/hello_asm.dir/home/ale/pico-sdk/src/rp2_common/pico_float/float_math.c.o
LOAD CMakeFiles/hello_asm.dir/home/ale/pico-sdk/src/rp2_common/pico_float/float_v1_rom_shim_rp2040.S.o
LOAD CMakeFiles/hello_asm.dir/home/ale/pico-sdk/src/rp2_common/pico_malloc/malloc.c.o
LOAD CMakeFiles/hello_asm.dir/home/ale/pico-sdk/src/rp2_common/pico_mem_ops/mem_ops_aeabi.S.o
LOAD CMakeFiles/hello_asm.dir/home/ale/pico-sdk/src/rp2_common/pico_atomic/atomic.c.o
LOAD CMakeFiles/hello_asm.dir/home/ale/pico-sdk/src/rp2_common/pico_cxx_options/new_delete.cpp.o
LOAD CMakeFiles/hello_asm.dir/home/ale/pico-sdk/src/rp2_common/pico_standard_binary_info/standard_binary_info.c.o
LOAD CMakeFiles/hello_asm.dir/home/ale/pico-sdk/src/rp2_common/pico_printf/printf.c.o
LOAD CMakeFiles/hello_asm.dir/home/ale/pico-sdk/src/rp2_common/pico_crt0/crt0.S.o
LOAD CMakeFiles/hello_asm.dir/home/ale/pico-sdk/src/rp2_common/pico_clib_interface/newlib_interface.c.o
LOAD CMakeFiles/hello_asm.dir/home/ale/pico-sdk/src/rp2_common/pico_stdio/stdio.c.o
LOAD CMakeFiles/hello_asm.dir/home/ale/pico-sdk/src/rp2_common/pico_stdio_uart/stdio_uart.c.o
LOAD pico-sdk/src/rp2040/boot_stage2/CMakeFiles/bs2_default_library.dir/bs2_default_padded_checksummed.S.o
LOAD /usr/lib/gcc/arm-none-eabi/13.2.1/../../../arm-none-eabi/lib/thumb/v6-m/nofp/libstdc++.a
LOAD /usr/lib/gcc/arm-none-eabi/13.2.1/../../../arm-none-eabi/lib/thumb/v6-m/nofp/libm.a
START GROUP
LOAD /usr/lib/gcc/arm-none-eabi/13.2.1/thumb/v6-m/nofp/libgcc.a
LOAD /usr/lib/gcc/arm-none-eabi/13.2.1/../../../arm-none-eabi/lib/thumb/v6-m/nofp/libg.a
LOAD /usr/lib/gcc/arm-none-eabi/13.2.1/../../../arm-none-eabi/lib/thumb/v6-m/nofp/libc.a
END GROUP
START GROUP
LOAD /usr/lib/gcc/arm-none-eabi/13.2.1/thumb/v6-m/nofp/libgcc.a
LOAD /usr/lib/gcc/arm-none-eabi/13.2.1/../../../arm-none-eabi/lib/thumb/v6-m/nofp/libc.a
LOAD /usr/lib/gcc/arm-none-eabi/13.2.1/../../../arm-none-eabi/lib/thumb/v6-m/nofp/libnosys.a
END GROUP
LOAD /usr/lib/gcc/arm-none-eabi/13.2.1/thumb/v6-m/nofp/crtend.o
LOAD /usr/lib/gcc/arm-none-eabi/13.2.1/thumb/v6-m/nofp/crtn.o
OUTPUT(hello_asm.elf elf32-littlearm)
LOAD linker stubs

.ARM.attributes
                0x00000000       0x28
 .ARM.attributes
                0x00000000       0x1e /usr/lib/gcc/arm-none-eabi/13.2.1/thumb/v6-m/nofp/crti.o
 .ARM.attributes
                0x0000001e       0x2c /usr/lib/gcc/arm-none-eabi/13.2.1/thumb/v6-m/nofp/crtbegin.o
 .ARM.attributes
                0x0000004a       0x1c CMakeFiles/hello_asm.dir/main.S.o
 .ARM.attributes
                0x00000066       0x2c CMakeFiles/hello_asm.dir/home/ale/pico-sdk/src/rp2_common/pico_platform_panic/panic.c.o
 .ARM.attributes
                0x00000092       0x2c CMakeFiles/hello_asm.dir/home/ale/pico-sdk/src/common/hardware_claim/claim.c.o
 .ARM.attributes
                0x000000be       0x2c CMakeFiles/hello_asm.dir/home/ale/pico-sdk/src/rp2_common/hardware_sync/sync.c.o
 .ARM.attributes
                0x000000ea       0x2c CMakeFiles/hello_asm.dir/home/ale/pico-sdk/src/rp2_common/hardware_sync_spin_lock/sync_spin_lock.c.o
 .ARM.attributes
                0x00000116       0x2c CMakeFiles/hello_asm.dir/home/ale/pico-sdk/src/rp2_common/hardware_irq/irq.c.o
 .ARM.attributes
                0x00000142       0x2c CMakeFiles/hello_asm.dir/home/ale/pico-sdk/src/common/pico_sync/lock_core.c.o
 .ARM.attributes
                0x0000016e       0x2c CMakeFiles/hello_asm.dir/home/ale/pico-sdk/src/common/pico_sync/mutex.c.o
 .ARM.attributes
                0x0000019a       0x2c CMakeFiles/hello_asm.dir/home/ale/pico-sdk/src/common/pico_time/time.c.o
 .ARM.attributes
                0x000001c6       0x2c CMakeFiles/hello_asm.dir/home/ale/pico-sdk/src/rp2_common/hardware_timer/timer.c.o
 .ARM.attributes
                0x000001f2       0x2c CMakeFiles/hello_asm.dir/home/ale/pico-sdk/src/rp2_common/hardware_clocks/clocks.c.o
 .ARM.attributes
                0x0000021e       0x2c CMakeFiles/hello_asm.dir/home/ale/pico-sdk/src/rp2_common/hardware_pll/pll.c.o
 .ARM.attributes
                0x0000024a       0x2c CMakeFiles/hello_asm.dir/home/ale/pico-sdk/src/rp2_common/hardware_ticks/ticks.c.o
 .ARM.attributes
                0x00000276       0x2c CMakeFiles/hello_asm.dir/home/ale/pico-sdk/src/rp2_common/pico_bootrom/bootrom.c.o
 .ARM.attributes
                0x000002a2       0x2c CMakeFiles/hello_asm.dir/home/ale/pico-sdk/src/rp2_common/hardware_xosc/xosc.c.o
 .ARM.attributes
                0x000002ce       0x2c CMakeFiles/hello_asm.dir/home/ale/pico-sdk/src/rp2_common/pico_runtime/runtime.c.o
 .ARM.attributes
                0x000002fa       0x2c CMakeFiles/hello_asm.dir/home/ale/pico-sdk/src/rp2_common/pico_runtime_init/runtime_init.c.o
 .ARM.attributes
                0x00000326       0x2c CMakeFiles/hello_asm.dir/home/ale/pico-sdk/src/rp2_common/pico_runtime_init/runtime_init_clocks.c.o
 .ARM.attributes
                0x00000352       0x22 CMakeFiles/hello_asm.dir/home/ale/pico-sdk/src/rp2_common/pico_bit_ops/bit_ops_aeabi.S.o
 .ARM.attributes
                0x00000374       0x22 CMakeFiles/hello_asm.dir/home/ale/pico-sdk/src/rp2_common/pico_divider/divider_hardware.S.o
 .ARM.attributes
                0x00000396       0x22 CMakeFiles/hello_asm.dir/home/ale/pico-sdk/src/rp2_common/pico_double/double_aeabi_rp2040.S.o
 .ARM.attributes
                0x000003b8       0x2c CMakeFiles/hello_asm.dir/home/ale/pico-sdk/src/rp2_common/pico_double/double_init_rom_rp2040.c.o
 .ARM.attributes
                0x000003e4       0x22 CMakeFiles/hello_asm.dir/home/ale/pico-sdk/src/rp2_common/pico_double/double_v1_rom_shim_rp2040.S.o
 .ARM.attributes
                0x00000406       0x22 CMakeFiles/hello_asm.dir/home/ale/pico-sdk/src/rp2_common/pico_float/float_aeabi_rp2040.S.o
 .ARM.attributes
                0x00000428       0x2c CMakeFiles/hello_asm.dir/home/ale/pico-sdk/src/rp2_common/pico_float/float_init_rom_rp2040.c.o
 .ARM.attributes
                0x00000454       0x22 CMakeFiles/hello_asm.dir/home/ale/pico-sdk/src/rp2_common/pico_float/float_v1_rom_shim_rp2040.S.o
 .ARM.attributes
                0x00000476       0x22 CMakeFiles/hello_asm.dir/home/ale/pico-sdk/src/rp2_common/pico_mem_ops/mem_ops_aeabi.S.o
 .ARM.attributes
                0x00000498       0x2c CMakeFiles/hello_asm.dir/home/ale/pico-sdk/src/rp2_common/pico_standard_binary_info/standard_binary_info.c.o
 .ARM.attributes
                0x000004c4       0x2c CMakeFiles/hello_asm.dir/home/ale/pico-sdk/src/rp2_common/pico_printf/printf.c.o
 .ARM.attributes
                0x000004f0       0x22 CMakeFiles/hello_asm.dir/home/ale/pico-sdk/src/rp2_common/pico_crt0/crt0.S.o
 .ARM.attributes
                0x00000512       0x2c CMakeFiles/hello_asm.dir/home/ale/pico-sdk/src/rp2_common/pico_clib_interface/newlib_interface.c.o
 .ARM.attributes
                0x0000053e       0x2c CMakeFiles/hello_asm.dir/home/ale/pico-sdk/src/rp2_common/pico_stdio/stdio.c.o
 .ARM.attributes
                0x0000056a       0x22 pico-sdk/src/rp2040/boot_stage2/CMakeFiles/bs2_default_library.dir/bs2_default_padded_checksummed.S.o
 .ARM.attributes
                0x0000058c       0x1e /usr/lib/gcc/arm-none-eabi/13.2.1/thumb/v6-m/nofp/libgcc.a(_dvmd_tls.o)
 .ARM.attributes
                0x000005aa       0x2c /usr/lib/gcc/arm-none-eabi/13.2.1/../../../arm-none-eabi/lib/thumb/v6-m/nofp/libg.a(libc_a-atexit.o)
 .ARM.attributes
                0x000005d6       0x2c /usr/lib/gcc/arm-none-eabi/13.2.1/../../../arm-none-eabi/lib/thumb/v6-m/nofp/libg.a(libc_a-strlen-stub.o)
 .ARM.attributes
                0x00000602       0x2c /usr/lib/gcc/arm-none-eabi/13.2.1/../../../arm-none-eabi/lib/thumb/v6-m/nofp/libg.a(libc_a-fini.o)
 .ARM.attributes
                0x0000062e       0x2c /usr/lib/gcc/arm-none-eabi/13.2.1/../../../arm-none-eabi/lib/thumb/v6-m/nofp/libg.a(libc_a-__atexit.o)
 .ARM.attributes
                0x0000065a       0x2c /usr/lib/gcc/arm-none-eabi/13.2.1/../../../arm-none-eabi/lib/thumb/v6-m/nofp/libg.a(libc_a-__call_atexit.o)
 .ARM.attributes
                0x00000686       0x2c /usr/lib/gcc/arm-none-eabi/13.2.1/thumb/v6-m/nofp/crtend.o

.comment        0x00000000       0x26
 .comment       0x00000000       0x26 /usr/lib/gcc/arm-none-eabi/13.2.1/thumb/v6-m/nofp/crtbegin.o
                                 0x27 (size before relaxing)
 .comment       0x00000026       0x27 CMakeFiles/hello_asm.dir/home/ale/pico-sdk/src/rp2_common/pico_platform_panic/panic.c.o
 .comment       0x00000026       0x27 CMakeFiles/hello_asm.dir/home/ale/pico-sdk/src/common/hardware_claim/claim.c.o
 .comment       0x00000026       0x27 CMakeFiles/hello_asm.dir/home/ale/pico-sdk/src/rp2_common/hardware_sync/sync.c.o
 .comment       0x00000026       0x27 CMakeFiles/hello_asm.dir/home/ale/pico-sdk/src/rp2_common/hardware_sync_spin_lock/sync_spin_lock.c.o
 .comment       0x00000026       0x27 CMakeFiles/hello_asm.dir/home/ale/pico-sdk/src/rp2_common/hardware_irq/irq.c.o
 .comment       0x00000026       0x27 CMakeFiles/hello_asm.dir/home/ale/pico-sdk/src/common/pico_sync/lock_core.c.o
 .comment       0x00000026       0x27 CMakeFiles/hello_asm.dir/home/ale/pico-sdk/src/common/pico_sync/mutex.c.o
 .comment       0x00000026       0x27 CMakeFiles/hello_asm.dir/home/ale/pico-sdk/src/common/pico_time/time.c.o
 .comment       0x00000026       0x27 CMakeFiles/hello_asm.dir/home/ale/pico-sdk/src/rp2_common/hardware_timer/timer.c.o
 .comment       0x00000026       0x27 CMakeFiles/hello_asm.dir/home/ale/pico-sdk/src/rp2_common/hardware_clocks/clocks.c.o
 .comment       0x00000026       0x27 CMakeFiles/hello_asm.dir/home/ale/pico-sdk/src/rp2_common/hardware_pll/pll.c.o
 .comment       0x00000026       0x27 CMakeFiles/hello_asm.dir/home/ale/pico-sdk/src/rp2_common/hardware_ticks/ticks.c.o
 .comment       0x00000026       0x27 CMakeFiles/hello_asm.dir/home/ale/pico-sdk/src/rp2_common/pico_bootrom/bootrom.c.o
 .comment       0x00000026       0x27 CMakeFiles/hello_asm.dir/home/ale/pico-sdk/src/rp2_common/hardware_xosc/xosc.c.o
 .comment       0x00000026       0x27 CMakeFiles/hello_asm.dir/home/ale/pico-sdk/src/rp2_common/pico_runtime/runtime.c.o
 .comment       0x00000026       0x27 CMakeFiles/hello_asm.dir/home/ale/pico-sdk/src/rp2_common/pico_runtime_init/runtime_init.c.o
 .comment       0x00000026       0x27 CMakeFiles/hello_asm.dir/home/ale/pico-sdk/src/rp2_common/pico_runtime_init/runtime_init_clocks.c.o
 .comment       0x00000026       0x27 CMakeFiles/hello_asm.dir/home/ale/pico-sdk/src/rp2_common/pico_double/double_init_rom_rp2040.c.o
 .comment       0x00000026       0x27 CMakeFiles/hello_asm.dir/home/ale/pico-sdk/src/rp2_common/pico_float/float_init_rom_rp2040.c.o
 .comment       0x00000026       0x27 CMakeFiles/hello_asm.dir/home/ale/pico-sdk/src/rp2_common/pico_standard_binary_info/standard_binary_info.c.o
 .comment       0x00000026       0x27 CMakeFiles/hello_asm.dir/home/ale/pico-sdk/src/rp2_common/pico_printf/printf.c.o
 .comment       0x00000026       0x27 CMakeFiles/hello_asm.dir/home/ale/pico-sdk/src/rp2_common/pico_clib_interface/newlib_interface.c.o
 .comment       0x00000026       0x27 CMakeFiles/hello_asm.dir/home/ale/pico-sdk/src/rp2_common/pico_stdio/stdio.c.o
 .comment       0x00000026       0x27 /usr/lib/gcc/arm-none-eabi/13.2.1/../../../arm-none-eabi/lib/thumb/v6-m/nofp/libg.a(libc_a-atexit.o)
 .comment       0x00000026       0x27 /usr/lib/gcc/arm-none-eabi/13.2.1/../../../arm-none-eabi/lib/thumb/v6-m/nofp/libg.a(libc_a-strlen-stub.o)
 .comment       0x00000026       0x27 /usr/lib/gcc/arm-none-eabi/13.2.1/../../../arm-none-eabi/lib/thumb/v6-m/nofp/libg.a(libc_a-fini.o)
 .comment       0x00000026       0x27 /usr/lib/gcc/arm-none-eabi/13.2.1/../../../arm-none-eabi/lib/thumb/v6-m/nofp/libg.a(libc_a-__atexit.o)
 .comment       0x00000026       0x27 /usr/lib/gcc/arm-none-eabi/13.2.1/../../../arm-none-eabi/lib/thumb/v6-m/nofp/libg.a(libc_a-__call_atexit.o)
 .comment       0x00000026       0x27 /usr/lib/gcc/arm-none-eabi/13.2.1/thumb/v6-m/nofp/crtend.o

.debug_line     0x00000000     0xc701
 .debug_line    0x00000000       0x4e CMakeFiles/hello_asm.dir/main.S.o
 .debug_line    0x0000004e      0x177 CMakeFiles/hello_asm.dir/home/ale/pico-sdk/src/rp2_common/pico_platform_panic/panic.c.o
 .debug_line    0x000001c5      0x532 CMakeFiles/hello_asm.dir/home/ale/pico-sdk/src/common/hardware_claim/claim.c.o
 .debug_line    0x000006f7      0x35b CMakeFiles/hello_asm.dir/home/ale/pico-sdk/src/rp2_common/hardware_sync/sync.c.o
 .debug_line    0x00000a52      0x2ed CMakeFiles/hello_asm.dir/home/ale/pico-sdk/src/rp2_common/hardware_sync_spin_lock/sync_spin_lock.c.o
 .debug_line    0x00000d3f     0x1183 CMakeFiles/hello_asm.dir/home/ale/pico-sdk/src/rp2_common/hardware_irq/irq.c.o
 .debug_line    0x00001ec2      0x1fe CMakeFiles/hello_asm.dir/home/ale/pico-sdk/src/common/pico_sync/lock_core.c.o
 .debug_line    0x000020c0     0x119f CMakeFiles/hello_asm.dir/home/ale/pico-sdk/src/common/pico_sync/mutex.c.o
 .debug_line    0x0000325f     0x1d22 CMakeFiles/hello_asm.dir/home/ale/pico-sdk/src/common/pico_time/time.c.o
 .debug_line    0x00004f81      0xdaa CMakeFiles/hello_asm.dir/home/ale/pico-sdk/src/rp2_common/hardware_timer/timer.c.o
 .debug_line    0x00005d2b      0xb14 CMakeFiles/hello_asm.dir/home/ale/pico-sdk/src/rp2_common/hardware_clocks/clocks.c.o
 .debug_line    0x0000683f      0x429 CMakeFiles/hello_asm.dir/home/ale/pico-sdk/src/rp2_common/hardware_pll/pll.c.o
 .debug_line    0x00006c68      0x247 CMakeFiles/hello_asm.dir/home/ale/pico-sdk/src/rp2_common/hardware_ticks/ticks.c.o
 .debug_line    0x00006eaf      0x24e CMakeFiles/hello_asm.dir/home/ale/pico-sdk/src/rp2_common/pico_bootrom/bootrom.c.o
 .debug_line    0x000070fd      0x28c CMakeFiles/hello_asm.dir/home/ale/pico-sdk/src/rp2_common/hardware_xosc/xosc.c.o
 .debug_line    0x00007389      0x1d1 CMakeFiles/hello_asm.dir/home/ale/pico-sdk/src/rp2_common/pico_runtime/runtime.c.o
 .debug_line    0x0000755a      0x4f7 CMakeFiles/hello_asm.dir/home/ale/pico-sdk/src/rp2_common/pico_runtime_init/runtime_init.c.o
 .debug_line    0x00007a51      0x446 CMakeFiles/hello_asm.dir/home/ale/pico-sdk/src/rp2_common/pico_runtime_init/runtime_init_clocks.c.o
 .debug_line    0x00007e97      0x108 CMakeFiles/hello_asm.dir/home/ale/pico-sdk/src/rp2_common/pico_bit_ops/bit_ops_aeabi.S.o
 .debug_line    0x00007f9f      0x2a9 CMakeFiles/hello_asm.dir/home/ale/pico-sdk/src/rp2_common/pico_divider/divider_hardware.S.o
 .debug_line    0x00008248      0x452 CMakeFiles/hello_asm.dir/home/ale/pico-sdk/src/rp2_common/pico_double/double_aeabi_rp2040.S.o
 .debug_line    0x0000869a      0x2f4 CMakeFiles/hello_asm.dir/home/ale/pico-sdk/src/rp2_common/pico_double/double_init_rom_rp2040.c.o
 .debug_line    0x0000898e      0x670 CMakeFiles/hello_asm.dir/home/ale/pico-sdk/src/rp2_common/pico_double/double_v1_rom_shim_rp2040.S.o
 .debug_line    0x00008ffe      0x3d2 CMakeFiles/hello_asm.dir/home/ale/pico-sdk/src/rp2_common/pico_float/float_aeabi_rp2040.S.o
 .debug_line    0x000093d0      0x2dd CMakeFiles/hello_asm.dir/home/ale/pico-sdk/src/rp2_common/pico_float/float_init_rom_rp2040.c.o
 .debug_line    0x000096ad      0x198 CMakeFiles/hello_asm.dir/home/ale/pico-sdk/src/rp2_common/pico_float/float_v1_rom_shim_rp2040.S.o
 .debug_line    0x00009845       0x94 CMakeFiles/hello_asm.dir/home/ale/pico-sdk/src/rp2_common/pico_mem_ops/mem_ops_aeabi.S.o
 .debug_line    0x000098d9      0x148 CMakeFiles/hello_asm.dir/home/ale/pico-sdk/src/rp2_common/pico_standard_binary_info/standard_binary_info.c.o
 .debug_line    0x00009a21     0x11f1 CMakeFiles/hello_asm.dir/home/ale/pico-sdk/src/rp2_common/pico_printf/printf.c.o
 .debug_line    0x0000ac12       0xa2 CMakeFiles/hello_asm.dir/home/ale/pico-sdk/src/rp2_common/pico_crt0/crt0.S.o
 .debug_line    0x0000acb4      0x742 CMakeFiles/hello_asm.dir/home/ale/pico-sdk/src/rp2_common/pico_clib_interface/newlib_interface.c.o
 .debug_line    0x0000b3f6      0xb9f CMakeFiles/hello_asm.dir/home/ale/pico-sdk/src/rp2_common/pico_stdio/stdio.c.o
 .debug_line    0x0000bf95       0x4a /usr/lib/gcc/arm-none-eabi/13.2.1/thumb/v6-m/nofp/libgcc.a(_dvmd_tls.o)
 .debug_line    0x0000bfdf       0xc6 /usr/lib/gcc/arm-none-eabi/13.2.1/../../../arm-none-eabi/lib/thumb/v6-m/nofp/libg.a(libc_a-atexit.o)
 .debug_line    0x0000c0a5      0x1aa /usr/lib/gcc/arm-none-eabi/13.2.1/../../../arm-none-eabi/lib/thumb/v6-m/nofp/libg.a(libc_a-strlen-stub.o)
 .debug_line    0x0000c24f       0xd1 /usr/lib/gcc/arm-none-eabi/13.2.1/../../../arm-none-eabi/lib/thumb/v6-m/nofp/libg.a(libc_a-fini.o)
 .debug_line    0x0000c320      0x163 /usr/lib/gcc/arm-none-eabi/13.2.1/../../../arm-none-eabi/lib/thumb/v6-m/nofp/libg.a(libc_a-__atexit.o)
 .debug_line    0x0000c483      0x27e /usr/lib/gcc/arm-none-eabi/13.2.1/../../../arm-none-eabi/lib/thumb/v6-m/nofp/libg.a(libc_a-__call_atexit.o)

.debug_line_str
                0x00000000      0x2a2
 .debug_line_str
                0x00000000      0x2a2 CMakeFiles/hello_asm.dir/main.S.o
                                 0x5b (size before relaxing)
 .debug_line_str
                0x000002a2       0x6c CMakeFiles/hello_asm.dir/home/ale/pico-sdk/src/rp2_common/pico_bit_ops/bit_ops_aeabi.S.o
 .debug_line_str
                0x000002a2       0x6f CMakeFiles/hello_asm.dir/home/ale/pico-sdk/src/rp2_common/pico_divider/divider_hardware.S.o
 .debug_line_str
                0x000002a2       0x71 CMakeFiles/hello_asm.dir/home/ale/pico-sdk/src/rp2_common/pico_double/double_aeabi_rp2040.S.o
 .debug_line_str
                0x000002a2       0x77 CMakeFiles/hello_asm.dir/home/ale/pico-sdk/src/rp2_common/pico_double/double_v1_rom_shim_rp2040.S.o
 .debug_line_str
                0x000002a2       0x6f CMakeFiles/hello_asm.dir/home/ale/pico-sdk/src/rp2_common/pico_float/float_aeabi_rp2040.S.o
 .debug_line_str
                0x000002a2       0x75 CMakeFiles/hello_asm.dir/home/ale/pico-sdk/src/rp2_common/pico_float/float_v1_rom_shim_rp2040.S.o
 .debug_line_str
                0x000002a2       0x6c CMakeFiles/hello_asm.dir/home/ale/pico-sdk/src/rp2_common/pico_mem_ops/mem_ops_aeabi.S.o
 .debug_line_str
                0x000002a2       0x60 CMakeFiles/hello_asm.dir/home/ale/pico-sdk/src/rp2_common/pico_crt0/crt0.S.o
 .debug_line_str
                0x000002a2       0x97 /usr/lib/gcc/arm-none-eabi/13.2.1/thumb/v6-m/nofp/libgcc.a(_dvmd_tls.o)

.debug_info     0x00000000    0x12061
 .debug_info    0x00000000       0x24 CMakeFiles/hello_asm.dir/main.S.o
 .debug_info    0x00000024      0x1b4 CMakeFiles/hello_asm.dir/home/ale/pico-sdk/src/rp2_common/pico_platform_panic/panic.c.o
 .debug_info    0x000001d8      0x6a1 CMakeFiles/hello_asm.dir/home/ale/pico-sdk/src/common/hardware_claim/claim.c.o
 .debug_info    0x00000879      0x44d CMakeFiles/hello_asm.dir/home/ale/pico-sdk/src/rp2_common/hardware_sync/sync.c.o
 .debug_info    0x00000cc6      0x2eb CMakeFiles/hello_asm.dir/home/ale/pico-sdk/src/rp2_common/hardware_sync_spin_lock/sync_spin_lock.c.o
 .debug_info    0x00000fb1     0x2023 CMakeFiles/hello_asm.dir/home/ale/pico-sdk/src/rp2_common/hardware_irq/irq.c.o
 .debug_info    0x00002fd4      0x1a3 CMakeFiles/hello_asm.dir/home/ale/pico-sdk/src/common/pico_sync/lock_core.c.o
 .debug_info    0x00003177     0x1e62 CMakeFiles/hello_asm.dir/home/ale/pico-sdk/src/common/pico_sync/mutex.c.o
 .debug_info    0x00004fd9     0x34de CMakeFiles/hello_asm.dir/home/ale/pico-sdk/src/common/pico_time/time.c.o
 .debug_info    0x000084b7     0x19b8 CMakeFiles/hello_asm.dir/home/ale/pico-sdk/src/rp2_common/hardware_timer/timer.c.o
 .debug_info    0x00009e6f     0x1585 CMakeFiles/hello_asm.dir/home/ale/pico-sdk/src/rp2_common/hardware_clocks/clocks.c.o
 .debug_info    0x0000b3f4      0x637 CMakeFiles/hello_asm.dir/home/ale/pico-sdk/src/rp2_common/hardware_pll/pll.c.o
 .debug_info    0x0000ba2b      0x29a CMakeFiles/hello_asm.dir/home/ale/pico-sdk/src/rp2_common/hardware_ticks/ticks.c.o
 .debug_info    0x0000bcc5      0x46d CMakeFiles/hello_asm.dir/home/ale/pico-sdk/src/rp2_common/pico_bootrom/bootrom.c.o
 .debug_info    0x0000c132      0x1b8 CMakeFiles/hello_asm.dir/home/ale/pico-sdk/src/rp2_common/hardware_xosc/xosc.c.o
 .debug_info    0x0000c2ea      0x1b0 CMakeFiles/hello_asm.dir/home/ale/pico-sdk/src/rp2_common/pico_runtime/runtime.c.o
 .debug_info    0x0000c49a      0x7ed CMakeFiles/hello_asm.dir/home/ale/pico-sdk/src/rp2_common/pico_runtime_init/runtime_init.c.o
 .debug_info    0x0000cc87      0x74d CMakeFiles/hello_asm.dir/home/ale/pico-sdk/src/rp2_common/pico_runtime_init/runtime_init_clocks.c.o
 .debug_info    0x0000d3d4       0x23 CMakeFiles/hello_asm.dir/home/ale/pico-sdk/src/rp2_common/pico_bit_ops/bit_ops_aeabi.S.o
 .debug_info    0x0000d3f7       0x23 CMakeFiles/hello_asm.dir/home/ale/pico-sdk/src/rp2_common/pico_divider/divider_hardware.S.o
 .debug_info    0x0000d41a       0x23 CMakeFiles/hello_asm.dir/home/ale/pico-sdk/src/rp2_common/pico_double/double_aeabi_rp2040.S.o
 .debug_info    0x0000d43d      0x323 CMakeFiles/hello_asm.dir/home/ale/pico-sdk/src/rp2_common/pico_double/double_init_rom_rp2040.c.o
 .debug_info    0x0000d760       0x23 CMakeFiles/hello_asm.dir/home/ale/pico-sdk/src/rp2_common/pico_double/double_v1_rom_shim_rp2040.S.o
 .debug_info    0x0000d783       0x23 CMakeFiles/hello_asm.dir/home/ale/pico-sdk/src/rp2_common/pico_float/float_aeabi_rp2040.S.o
 .debug_info    0x0000d7a6      0x324 CMakeFiles/hello_asm.dir/home/ale/pico-sdk/src/rp2_common/pico_float/float_init_rom_rp2040.c.o
 .debug_info    0x0000daca       0x23 CMakeFiles/hello_asm.dir/home/ale/pico-sdk/src/rp2_common/pico_float/float_v1_rom_shim_rp2040.S.o
 .debug_info    0x0000daed       0x23 CMakeFiles/hello_asm.dir/home/ale/pico-sdk/src/rp2_common/pico_mem_ops/mem_ops_aeabi.S.o
 .debug_info    0x0000db10      0x288 CMakeFiles/hello_asm.dir/home/ale/pico-sdk/src/rp2_common/pico_standard_binary_info/standard_binary_info.c.o
 .debug_info    0x0000dd98     0x19c4 CMakeFiles/hello_asm.dir/home/ale/pico-sdk/src/rp2_common/pico_printf/printf.c.o
 .debug_info    0x0000f75c       0x23 CMakeFiles/hello_asm.dir/home/ale/pico-sdk/src/rp2_common/pico_crt0/crt0.S.o
 .debug_info    0x0000f77f      0xc22 CMakeFiles/hello_asm.dir/home/ale/pico-sdk/src/rp2_common/pico_clib_interface/newlib_interface.c.o
 .debug_info    0x000103a1     0x1503 CMakeFiles/hello_asm.dir/home/ale/pico-sdk/src/rp2_common/pico_stdio/stdio.c.o
 .debug_info    0x000118a4       0x3c /usr/lib/gcc/arm-none-eabi/13.2.1/thumb/v6-m/nofp/libgcc.a(_dvmd_tls.o)
 .debug_info    0x000118e0      0x11e /usr/lib/gcc/arm-none-eabi/13.2.1/../../../arm-none-eabi/lib/thumb/v6-m/nofp/libg.a(libc_a-atexit.o)
 .debug_info    0x000119fe       0xeb /usr/lib/gcc/arm-none-eabi/13.2.1/../../../arm-none-eabi/lib/thumb/v6-m/nofp/libg.a(libc_a-strlen-stub.o)
 .debug_info    0x00011ae9       0xf7 /usr/lib/gcc/arm-none-eabi/13.2.1/../../../arm-none-eabi/lib/thumb/v6-m/nofp/libg.a(libc_a-fini.o)
 .debug_info    0x00011be0      0x1fd /usr/lib/gcc/arm-none-eabi/13.2.1/../../../arm-none-eabi/lib/thumb/v6-m/nofp/libg.a(libc_a-__atexit.o)
 .debug_info    0x00011ddd      0x284 /usr/lib/gcc/arm-none-eabi/13.2.1/../../../arm-none-eabi/lib/thumb/v6-m/nofp/libg.a(libc_a-__call_atexit.o)

.debug_abbrev   0x00000000     0x445a
 .debug_abbrev  0x00000000       0x14 CMakeFiles/hello_asm.dir/main.S.o
 .debug_abbrev  0x00000014      0x12d CMakeFiles/hello_asm.dir/home/ale/pico-sdk/src/rp2_common/pico_platform_panic/panic.c.o
 .debug_abbrev  0x00000141      0x29f CMakeFiles/hello_asm.dir/home/ale/pico-sdk/src/common/hardware_claim/claim.c.o
 .debug_abbrev  0x000003e0      0x1f4 CMakeFiles/hello_asm.dir/home/ale/pico-sdk/src/rp2_common/hardware_sync/sync.c.o
 .debug_abbrev  0x000005d4      0x1f0 CMakeFiles/hello_asm.dir/home/ale/pico-sdk/src/rp2_common/hardware_sync_spin_lock/sync_spin_lock.c.o
 .debug_abbrev  0x000007c4      0x5bd CMakeFiles/hello_asm.dir/home/ale/pico-sdk/src/rp2_common/hardware_irq/irq.c.o
 .debug_abbrev  0x00000d81      0x116 CMakeFiles/hello_asm.dir/home/ale/pico-sdk/src/common/pico_sync/lock_core.c.o
 .debug_abbrev  0x00000e97      0x421 CMakeFiles/hello_asm.dir/home/ale/pico-sdk/src/common/pico_sync/mutex.c.o
 .debug_abbrev  0x000012b8      0x62f CMakeFiles/hello_asm.dir/home/ale/pico-sdk/src/common/pico_time/time.c.o
 .debug_abbrev  0x000018e7      0x467 CMakeFiles/hello_asm.dir/home/ale/pico-sdk/src/rp2_common/hardware_timer/timer.c.o
 .debug_abbrev  0x00001d4e      0x476 CMakeFiles/hello_asm.dir/home/ale/pico-sdk/src/rp2_common/hardware_clocks/clocks.c.o
 .debug_abbrev  0x000021c4      0x20e CMakeFiles/hello_asm.dir/home/ale/pico-sdk/src/rp2_common/hardware_pll/pll.c.o
 .debug_abbrev  0x000023d2      0x152 CMakeFiles/hello_asm.dir/home/ale/pico-sdk/src/rp2_common/hardware_ticks/ticks.c.o
 .debug_abbrev  0x00002524      0x1a9 CMakeFiles/hello_asm.dir/home/ale/pico-sdk/src/rp2_common/pico_bootrom/bootrom.c.o
 .debug_abbrev  0x000026cd      0x11d CMakeFiles/hello_asm.dir/home/ale/pico-sdk/src/rp2_common/hardware_xosc/xosc.c.o
 .debug_abbrev  0x000027ea      0x149 CMakeFiles/hello_asm.dir/home/ale/pico-sdk/src/rp2_common/pico_runtime/runtime.c.o
 .debug_abbrev  0x00002933      0x258 CMakeFiles/hello_asm.dir/home/ale/pico-sdk/src/rp2_common/pico_runtime_init/runtime_init.c.o
 .debug_abbrev  0x00002b8b      0x2b3 CMakeFiles/hello_asm.dir/home/ale/pico-sdk/src/rp2_common/pico_runtime_init/runtime_init_clocks.c.o
 .debug_abbrev  0x00002e3e       0x12 CMakeFiles/hello_asm.dir/home/ale/pico-sdk/src/rp2_common/pico_bit_ops/bit_ops_aeabi.S.o
 .debug_abbrev  0x00002e50       0x12 CMakeFiles/hello_asm.dir/home/ale/pico-sdk/src/rp2_common/pico_divider/divider_hardware.S.o
 .debug_abbrev  0x00002e62       0x12 CMakeFiles/hello_asm.dir/home/ale/pico-sdk/src/rp2_common/pico_double/double_aeabi_rp2040.S.o
 .debug_abbrev  0x00002e74      0x1ab CMakeFiles/hello_asm.dir/home/ale/pico-sdk/src/rp2_common/pico_double/double_init_rom_rp2040.c.o
 .debug_abbrev  0x0000301f       0x12 CMakeFiles/hello_asm.dir/home/ale/pico-sdk/src/rp2_common/pico_double/double_v1_rom_shim_rp2040.S.o
 .debug_abbrev  0x00003031       0x12 CMakeFiles/hello_asm.dir/home/ale/pico-sdk/src/rp2_common/pico_float/float_aeabi_rp2040.S.o
 .debug_abbrev  0x00003043      0x1ae CMakeFiles/hello_asm.dir/home/ale/pico-sdk/src/rp2_common/pico_float/float_init_rom_rp2040.c.o
 .debug_abbrev  0x000031f1       0x12 CMakeFiles/hello_asm.dir/home/ale/pico-sdk/src/rp2_common/pico_float/float_v1_rom_shim_rp2040.S.o
 .debug_abbrev  0x00003203       0x12 CMakeFiles/hello_asm.dir/home/ale/pico-sdk/src/rp2_common/pico_mem_ops/mem_ops_aeabi.S.o
 .debug_abbrev  0x00003215       0xb8 CMakeFiles/hello_asm.dir/home/ale/pico-sdk/src/rp2_common/pico_standard_binary_info/standard_binary_info.c.o
 .debug_abbrev  0x000032cd      0x38e CMakeFiles/hello_asm.dir/home/ale/pico-sdk/src/rp2_common/pico_printf/printf.c.o
 .debug_abbrev  0x0000365b       0x12 CMakeFiles/hello_asm.dir/home/ale/pico-sdk/src/rp2_common/pico_crt0/crt0.S.o
 .debug_abbrev  0x0000366d      0x35f CMakeFiles/hello_asm.dir/home/ale/pico-sdk/src/rp2_common/pico_clib_interface/newlib_interface.c.o
 .debug_abbrev  0x000039cc      0x520 CMakeFiles/hello_asm.dir/home/ale/pico-sdk/src/rp2_common/pico_stdio/stdio.c.o
 .debug_abbrev  0x00003eec       0x26 /usr/lib/gcc/arm-none-eabi/13.2.1/thumb/v6-m/nofp/libgcc.a(_dvmd_tls.o)
 .debug_abbrev  0x00003f12       0xbe /usr/lib/gcc/arm-none-eabi/13.2.1/../../../arm-none-eabi/lib/thumb/v6-m/nofp/libg.a(libc_a-atexit.o)
 .debug_abbrev  0x00003fd0       0x90 /usr/lib/gcc/arm-none-eabi/13.2.1/../../../arm-none-eabi/lib/thumb/v6-m/nofp/libg.a(libc_a-strlen-stub.o)
 .debug_abbrev  0x00004060       0xc9 /usr/lib/gcc/arm-none-eabi/13.2.1/../../../arm-none-eabi/lib/thumb/v6-m/nofp/libg.a(libc_a-fini.o)
 .debug_abbrev  0x00004129      0x157 /usr/lib/gcc/arm-none-eabi/13.2.1/../../../arm-none-eabi/lib/thumb/v6-m/nofp/libg.a(libc_a-__atexit.o)
 .debug_abbrev  0x00004280      0x1da /usr/lib/gcc/arm-none-eabi/13.2.1/../../../arm-none-eabi/lib/thumb/v6-m/nofp/libg.a(libc_a-__call_atexit.o)

.debug_aranges  0x00000000      0xe88
 .debug_aranges
                0x00000000       0x20 CMakeFiles/hello_asm.dir/main.S.o
 .debug_aranges
                0x00000020       0x28 CMakeFiles/hello_asm.dir/home/ale/pico-sdk/src/rp2_common/pico_platform_panic/panic.c.o
 .debug_aranges
                0x00000048       0x48 CMakeFiles/hello_asm.dir/home/ale/pico-sdk/src/common/hardware_claim/claim.c.o
 .debug_aranges
                0x00000090       0x48 CMakeFiles/hello_asm.dir/home/ale/pico-sdk/src/rp2_common/hardware_sync/sync.c.o
 .debug_aranges
                0x000000d8       0x28 CMakeFiles/hello_asm.dir/home/ale/pico-sdk/src/rp2_common/hardware_sync_spin_lock/sync_spin_lock.c.o
 .debug_aranges
                0x00000100       0xe8 CMakeFiles/hello_asm.dir/home/ale/pico-sdk/src/rp2_common/hardware_irq/irq.c.o
 .debug_aranges
                0x000001e8       0x20 CMakeFiles/hello_asm.dir/home/ale/pico-sdk/src/common/pico_sync/lock_core.c.o
 .debug_aranges
                0x00000208       0x98 CMakeFiles/hello_asm.dir/home/ale/pico-sdk/src/common/pico_sync/mutex.c.o
 .debug_aranges
                0x000002a0      0x118 CMakeFiles/hello_asm.dir/home/ale/pico-sdk/src/common/pico_time/time.c.o
 .debug_aranges
                0x000003b8       0xf0 CMakeFiles/hello_asm.dir/home/ale/pico-sdk/src/rp2_common/hardware_timer/timer.c.o
 .debug_aranges
                0x000004a8       0xa0 CMakeFiles/hello_asm.dir/home/ale/pico-sdk/src/rp2_common/hardware_clocks/clocks.c.o
 .debug_aranges
                0x00000548       0x28 CMakeFiles/hello_asm.dir/home/ale/pico-sdk/src/rp2_common/hardware_pll/pll.c.o
 .debug_aranges
                0x00000570       0x30 CMakeFiles/hello_asm.dir/home/ale/pico-sdk/src/rp2_common/hardware_ticks/ticks.c.o
 .debug_aranges
                0x000005a0       0x40 CMakeFiles/hello_asm.dir/home/ale/pico-sdk/src/rp2_common/pico_bootrom/bootrom.c.o
 .debug_aranges
                0x000005e0       0x30 CMakeFiles/hello_asm.dir/home/ale/pico-sdk/src/rp2_common/hardware_xosc/xosc.c.o
 .debug_aranges
                0x00000610       0x40 CMakeFiles/hello_asm.dir/home/ale/pico-sdk/src/rp2_common/pico_runtime/runtime.c.o
 .debug_aranges
                0x00000650       0x48 CMakeFiles/hello_asm.dir/home/ale/pico-sdk/src/rp2_common/pico_runtime_init/runtime_init.c.o
 .debug_aranges
                0x00000698       0x28 CMakeFiles/hello_asm.dir/home/ale/pico-sdk/src/rp2_common/pico_runtime_init/runtime_init_clocks.c.o
 .debug_aranges
                0x000006c0       0x60 CMakeFiles/hello_asm.dir/home/ale/pico-sdk/src/rp2_common/pico_bit_ops/bit_ops_aeabi.S.o
 .debug_aranges
                0x00000720       0x40 CMakeFiles/hello_asm.dir/home/ale/pico-sdk/src/rp2_common/pico_divider/divider_hardware.S.o
 .debug_aranges
                0x00000760      0x150 CMakeFiles/hello_asm.dir/home/ale/pico-sdk/src/rp2_common/pico_double/double_aeabi_rp2040.S.o
 .debug_aranges
                0x000008b0       0x20 CMakeFiles/hello_asm.dir/home/ale/pico-sdk/src/rp2_common/pico_double/double_init_rom_rp2040.c.o
 .debug_aranges
                0x000008d0       0xc8 CMakeFiles/hello_asm.dir/home/ale/pico-sdk/src/rp2_common/pico_double/double_v1_rom_shim_rp2040.S.o
 .debug_aranges
                0x00000998      0x138 CMakeFiles/hello_asm.dir/home/ale/pico-sdk/src/rp2_common/pico_float/float_aeabi_rp2040.S.o
 .debug_aranges
                0x00000ad0       0x20 CMakeFiles/hello_asm.dir/home/ale/pico-sdk/src/rp2_common/pico_float/float_init_rom_rp2040.c.o
 .debug_aranges
                0x00000af0       0x50 CMakeFiles/hello_asm.dir/home/ale/pico-sdk/src/rp2_common/pico_float/float_v1_rom_shim_rp2040.S.o
 .debug_aranges
                0x00000b40       0x38 CMakeFiles/hello_asm.dir/home/ale/pico-sdk/src/rp2_common/pico_mem_ops/mem_ops_aeabi.S.o
 .debug_aranges
                0x00000b78       0x18 CMakeFiles/hello_asm.dir/home/ale/pico-sdk/src/rp2_common/pico_standard_binary_info/standard_binary_info.c.o
 .debug_aranges
                0x00000b90       0x90 CMakeFiles/hello_asm.dir/home/ale/pico-sdk/src/rp2_common/pico_printf/printf.c.o
 .debug_aranges
                0x00000c20       0x28 CMakeFiles/hello_asm.dir/home/ale/pico-sdk/src/rp2_common/pico_crt0/crt0.S.o
 .debug_aranges
                0x00000c48       0xa8 CMakeFiles/hello_asm.dir/home/ale/pico-sdk/src/rp2_common/pico_clib_interface/newlib_interface.c.o
 .debug_aranges
                0x00000cf0       0xd0 CMakeFiles/hello_asm.dir/home/ale/pico-sdk/src/rp2_common/pico_stdio/stdio.c.o
 .debug_aranges
                0x00000dc0       0x20 /usr/lib/gcc/arm-none-eabi/13.2.1/thumb/v6-m/nofp/libgcc.a(_dvmd_tls.o)
 .debug_aranges
                0x00000de0       0x20 /usr/lib/gcc/arm-none-eabi/13.2.1/../../../arm-none-eabi/lib/thumb/v6-m/nofp/libg.a(libc_a-atexit.o)
 .debug_aranges
                0x00000e00       0x20 /usr/lib/gcc/arm-none-eabi/13.2.1/../../../arm-none-eabi/lib/thumb/v6-m/nofp/libg.a(libc_a-strlen-stub.o)
 .debug_aranges
                0x00000e20       0x20 /usr/lib/gcc/arm-none-eabi/13.2.1/../../../arm-none-eabi/lib/thumb/v6-m/nofp/libg.a(libc_a-fini.o)
 .debug_aranges
                0x00000e40       0x20 /usr/lib/gcc/arm-none-eabi/13.2.1/../../../arm-none-eabi/lib/thumb/v6-m/nofp/libg.a(libc_a-__atexit.o)
 .debug_aranges
                0x00000e60       0x28 /usr/lib/gcc/arm-none-eabi/13.2.1/../../../arm-none-eabi/lib/thumb/v6-m/nofp/libg.a(libc_a-__call_atexit.o)

.debug_str      0x00000000     0x3d97
 .debug_str     0x00000000     0x3d97 CMakeFiles/hello_asm.dir/main.S.o
                                 0x67 (size before relaxing)
 .debug_str     0x00003d97      0x1d6 CMakeFiles/hello_asm.dir/home/ale/pico-sdk/src/rp2_common/pico_platform_panic/panic.c.o
 .debug_str     0x00003d97      0x36a CMakeFiles/hello_asm.dir/home/ale/pico-sdk/src/common/hardware_claim/claim.c.o
 .debug_str     0x00003d97      0x305 CMakeFiles/hello_asm.dir/home/ale/pico-sdk/src/rp2_common/hardware_sync/sync.c.o
 .debug_str     0x00003d97      0x235 CMakeFiles/hello_asm.dir/home/ale/pico-sdk/src/rp2_common/hardware_sync_spin_lock/sync_spin_lock.c.o
 .debug_str     0x00003d97      0xa5c CMakeFiles/hello_asm.dir/home/ale/pico-sdk/src/rp2_common/hardware_irq/irq.c.o
 .debug_str     0x00003d97      0x1f3 CMakeFiles/hello_asm.dir/home/ale/pico-sdk/src/common/pico_sync/lock_core.c.o
 .debug_str     0x00003d97      0x7a8 CMakeFiles/hello_asm.dir/home/ale/pico-sdk/src/common/pico_sync/mutex.c.o
 .debug_str     0x00003d97     0x1196 CMakeFiles/hello_asm.dir/home/ale/pico-sdk/src/common/pico_time/time.c.o
 .debug_str     0x00003d97      0x9f4 CMakeFiles/hello_asm.dir/home/ale/pico-sdk/src/rp2_common/hardware_timer/timer.c.o
 .debug_str     0x00003d97      0x9e1 CMakeFiles/hello_asm.dir/home/ale/pico-sdk/src/rp2_common/hardware_clocks/clocks.c.o
 .debug_str     0x00003d97      0x448 CMakeFiles/hello_asm.dir/home/ale/pico-sdk/src/rp2_common/hardware_pll/pll.c.o
 .debug_str     0x00003d97      0x269 CMakeFiles/hello_asm.dir/home/ale/pico-sdk/src/rp2_common/hardware_ticks/ticks.c.o
 .debug_str     0x00003d97      0x315 CMakeFiles/hello_asm.dir/home/ale/pico-sdk/src/rp2_common/pico_bootrom/bootrom.c.o
 .debug_str     0x00003d97      0x210 CMakeFiles/hello_asm.dir/home/ale/pico-sdk/src/rp2_common/hardware_xosc/xosc.c.o
 .debug_str     0x00003d97      0x26b CMakeFiles/hello_asm.dir/home/ale/pico-sdk/src/rp2_common/pico_runtime/runtime.c.o
 .debug_str     0x00003d97      0x793 CMakeFiles/hello_asm.dir/home/ale/pico-sdk/src/rp2_common/pico_runtime_init/runtime_init.c.o
 .debug_str     0x00003d97      0x468 CMakeFiles/hello_asm.dir/home/ale/pico-sdk/src/rp2_common/pico_runtime_init/runtime_init_clocks.c.o
 .debug_str     0x00003d97       0x78 CMakeFiles/hello_asm.dir/home/ale/pico-sdk/src/rp2_common/pico_bit_ops/bit_ops_aeabi.S.o
 .debug_str     0x00003d97       0x7b CMakeFiles/hello_asm.dir/home/ale/pico-sdk/src/rp2_common/pico_divider/divider_hardware.S.o
 .debug_str     0x00003d97       0x7d CMakeFiles/hello_asm.dir/home/ale/pico-sdk/src/rp2_common/pico_double/double_aeabi_rp2040.S.o
 .debug_str     0x00003d97      0x2ac CMakeFiles/hello_asm.dir/home/ale/pico-sdk/src/rp2_common/pico_double/double_init_rom_rp2040.c.o
 .debug_str     0x00003d97       0x83 CMakeFiles/hello_asm.dir/home/ale/pico-sdk/src/rp2_common/pico_double/double_v1_rom_shim_rp2040.S.o
 .debug_str     0x00003d97       0x7b CMakeFiles/hello_asm.dir/home/ale/pico-sdk/src/rp2_common/pico_float/float_aeabi_rp2040.S.o
 .debug_str     0x00003d97      0x291 CMakeFiles/hello_asm.dir/home/ale/pico-sdk/src/rp2_common/pico_float/float_init_rom_rp2040.c.o
 .debug_str     0x00003d97       0x81 CMakeFiles/hello_asm.dir/home/ale/pico-sdk/src/rp2_common/pico_float/float_v1_rom_shim_rp2040.S.o
 .debug_str     0x00003d97       0x78 CMakeFiles/hello_asm.dir/home/ale/pico-sdk/src/rp2_common/pico_mem_ops/mem_ops_aeabi.S.o
 .debug_str     0x00003d97      0x3bb CMakeFiles/hello_asm.dir/home/ale/pico-sdk/src/rp2_common/pico_standard_binary_info/standard_binary_info.c.o
 .debug_str     0x00003d97      0x45d CMakeFiles/hello_asm.dir/home/ale/pico-sdk/src/rp2_common/pico_printf/printf.c.o
 .debug_str     0x00003d97       0x6c CMakeFiles/hello_asm.dir/home/ale/pico-sdk/src/rp2_common/pico_crt0/crt0.S.o
 .debug_str     0x00003d97      0x77e CMakeFiles/hello_asm.dir/home/ale/pico-sdk/src/rp2_common/pico_clib_interface/newlib_interface.c.o
 .debug_str     0x00003d97      0xd82 CMakeFiles/hello_asm.dir/home/ale/pico-sdk/src/rp2_common/pico_stdio/stdio.c.o
 .debug_str     0x00003d97       0xbf /usr/lib/gcc/arm-none-eabi/13.2.1/thumb/v6-m/nofp/libgcc.a(_dvmd_tls.o)
 .debug_str     0x00003d97      0x1ca /usr/lib/gcc/arm-none-eabi/13.2.1/../../../arm-none-eabi/lib/thumb/v6-m/nofp/libg.a(libc_a-atexit.o)
 .debug_str     0x00003d97      0x1aa /usr/lib/gcc/arm-none-eabi/13.2.1/../../../arm-none-eabi/lib/thumb/v6-m/nofp/libg.a(libc_a-strlen-stub.o)
 .debug_str     0x00003d97      0x1c4 /usr/lib/gcc/arm-none-eabi/13.2.1/../../../arm-none-eabi/lib/thumb/v6-m/nofp/libg.a(libc_a-fini.o)